Component: ARM Compiler 5.06 update 6 (build 750) Tool: armlink [4d35ed]

==============================================================================

Section Cross References

    startup_stm32f446xx.o(RESET) refers to startup_stm32f446xx.o(STACK) for __initial_sp
    startup_stm32f446xx.o(RESET) refers to startup_stm32f446xx.o(.text) for Reset_Handler
    startup_stm32f446xx.o(RESET) refers to stm32f4xx_it.o(i.NMI_Handler) for NMI_Handler
    startup_stm32f446xx.o(RESET) refers to stm32f4xx_it.o(i.HardFault_Handler) for HardFault_Handler
    startup_stm32f446xx.o(RESET) refers to stm32f4xx_it.o(i.MemManage_Handler) for MemManage_Handler
    startup_stm32f446xx.o(RESET) refers to stm32f4xx_it.o(i.BusFault_Handler) for BusFault_Handler
    startup_stm32f446xx.o(RESET) refers to stm32f4xx_it.o(i.UsageFault_Handler) for UsageFault_Handler
    startup_stm32f446xx.o(RESET) refers to stm32f4xx_it.o(i.SVC_Handler) for SVC_Handler
    startup_stm32f446xx.o(RESET) refers to stm32f4xx_it.o(i.DebugMon_Handler) for DebugMon_Handler
    startup_stm32f446xx.o(RESET) refers to stm32f4xx_it.o(i.PendSV_Handler) for PendSV_Handler
    startup_stm32f446xx.o(RESET) refers to stm32f4xx_it.o(i.SysTick_Handler) for SysTick_Handler
    startup_stm32f446xx.o(RESET) refers to stm32f4xx_it.o(i.DMA2_Stream0_IRQHandler) for DMA2_Stream0_IRQHandler
    startup_stm32f446xx.o(.text) refers to system_stm32f4xx.o(i.SystemInit) for SystemInit
    startup_stm32f446xx.o(.text) refers to entry.o(.ARM.Collect$$$$00000000) for __main
    lcd_v2.o(i.GPIO_Init) refers to stm32f4xx_hal_gpio.o(i.HAL_GPIO_Init) for HAL_GPIO_Init
    lcd_v2.o(i.LCD_Begin) refers to lcd_v2.o(i.GPIO_Init) for GPIO_Init
    lcd_v2.o(i.LCD_Begin) refers to lcd_v2.o(i.LCD_Reset) for LCD_Reset
    lcd_v2.o(i.LCD_Begin) refers to stm32f4xx_hal_gpio.o(i.HAL_GPIO_WritePin) for HAL_GPIO_WritePin
    lcd_v2.o(i.LCD_Begin) refers to lcd_v2.o(i.LCD_WriteRegister16) for LCD_WriteRegister16
    lcd_v2.o(i.LCD_Begin) refers to lcd_v2.o(i.LCD_SetRotation) for LCD_SetRotation
    lcd_v2.o(i.LCD_Begin) refers to lcd_v2.o(i.LCD_SetAddrWindow) for LCD_SetAddrWindow
    lcd_v2.o(i.LCD_Begin) refers to lcd_v2.o(i.delay) for delay
    lcd_v2.o(i.LCD_Begin) refers to lcd_v2.o(.data) for .data
    lcd_v2.o(i.LCD_Begin) refers to lcd_v2.o(.constdata) for .constdata
    lcd_v2.o(i.LCD_DrawChar) refers to lcd_v2.o(i.LCD_FillRect) for LCD_FillRect
    lcd_v2.o(i.LCD_DrawChar) refers to lcd_v2.o(i.LCD_DrawPixel) for LCD_DrawPixel
    lcd_v2.o(i.LCD_DrawChar) refers to lcd_v2.o(.data) for .data
    lcd_v2.o(i.LCD_DrawChar) refers to lcd_v2.o(.constdata) for .constdata
    lcd_v2.o(i.LCD_DrawCircle) refers to lcd_v2.o(i.LCD_DrawPixel) for LCD_DrawPixel
    lcd_v2.o(i.LCD_DrawCircleHelper) refers to lcd_v2.o(i.LCD_DrawPixel) for LCD_DrawPixel
    lcd_v2.o(i.LCD_DrawFastHLine) refers to lcd_v2.o(i.LCD_SetAddrWindow) for LCD_SetAddrWindow
    lcd_v2.o(i.LCD_DrawFastHLine) refers to lcd_v2.o(i.LCD_Flood) for LCD_Flood
    lcd_v2.o(i.LCD_DrawFastHLine) refers to lcd_v2.o(.data) for .data
    lcd_v2.o(i.LCD_DrawFastVLine) refers to lcd_v2.o(i.LCD_DrawLine) for LCD_DrawLine
    lcd_v2.o(i.LCD_DrawLine) refers to lcd_v2.o(i.LCD_DrawPixel) for LCD_DrawPixel
    lcd_v2.o(i.LCD_DrawPixel) refers to stm32f4xx_hal_gpio.o(i.HAL_GPIO_WritePin) for HAL_GPIO_WritePin
    lcd_v2.o(i.LCD_DrawPixel) refers to lcd_v2.o(i.LCD_WriteRegister16) for LCD_WriteRegister16
    lcd_v2.o(i.LCD_DrawPixel) refers to lcd_v2.o(.data) for .data
    lcd_v2.o(i.LCD_DrawRect) refers to lcd_v2.o(i.LCD_DrawFastHLine) for LCD_DrawFastHLine
    lcd_v2.o(i.LCD_DrawRect) refers to lcd_v2.o(i.LCD_DrawFastVLine) for LCD_DrawFastVLine
    lcd_v2.o(i.LCD_DrawRoundRect) refers to lcd_v2.o(i.LCD_DrawFastHLine) for LCD_DrawFastHLine
    lcd_v2.o(i.LCD_DrawRoundRect) refers to lcd_v2.o(i.LCD_DrawFastVLine) for LCD_DrawFastVLine
    lcd_v2.o(i.LCD_DrawRoundRect) refers to lcd_v2.o(i.LCD_DrawCircleHelper) for LCD_DrawCircleHelper
    lcd_v2.o(i.LCD_FillCircle) refers to lcd_v2.o(i.LCD_DrawFastVLine) for LCD_DrawFastVLine
    lcd_v2.o(i.LCD_FillCircle) refers to lcd_v2.o(i.LCD_FillCircleHelper) for LCD_FillCircleHelper
    lcd_v2.o(i.LCD_FillCircleHelper) refers to lcd_v2.o(i.LCD_DrawFastVLine) for LCD_DrawFastVLine
    lcd_v2.o(i.LCD_FillRect) refers to lcd_v2.o(i.LCD_SetAddrWindow) for LCD_SetAddrWindow
    lcd_v2.o(i.LCD_FillRect) refers to lcd_v2.o(i.LCD_Flood) for LCD_Flood
    lcd_v2.o(i.LCD_FillRect) refers to lcd_v2.o(.data) for .data
    lcd_v2.o(i.LCD_FillRoundRect) refers to lcd_v2.o(i.LCD_FillRect) for LCD_FillRect
    lcd_v2.o(i.LCD_FillRoundRect) refers to lcd_v2.o(i.LCD_FillCircleHelper) for LCD_FillCircleHelper
    lcd_v2.o(i.LCD_FillScreen) refers to stm32f4xx_hal_gpio.o(i.HAL_GPIO_WritePin) for HAL_GPIO_WritePin
    lcd_v2.o(i.LCD_FillScreen) refers to lcd_v2.o(i.LCD_WriteRegister16) for LCD_WriteRegister16
    lcd_v2.o(i.LCD_FillScreen) refers to lcd_v2.o(i.LCD_Flood) for LCD_Flood
[...]
    D:\Keil_v5\ARM\PACK\ARM\CMSIS\5.5.1\CMSIS\NN\Source\ConvolutionFunctions\arm_convolve_HWC_q7_fast.c 0x00000000   Number         0  arm_convolve_hwc_q7_fast.o ABSOLUTE
    D:\Keil_v5\ARM\PACK\ARM\CMSIS\5.5.1\CMSIS\NN\Source\ConvolutionFunctions\arm_convolve_HWC_q7_fast_nonsquare.c 0x00000000   Number         0  arm_convolve_hwc_q7_fast_nonsquare.o ABSOLUTE
    D:\Keil_v5\ARM\PACK\ARM\CMSIS\5.5.1\CMSIS\NN\Source\ConvolutionFunctions\arm_depthwise_separable_conv_HWC_q7.c 0x00000000   Number         0  arm_depthwise_separable_conv_hwc_q7.o ABSOLUTE
    D:\Keil_v5\ARM\PACK\ARM\CMSIS\5.5.1\CMSIS\NN\Source\ConvolutionFunctions\arm_depthwise_separable_conv_HWC_q7_nonsquare.c 0x00000000   Number         0  arm_depthwise_separable_conv_hwc_q7_nonsquare.o ABSOLUTE
    D:\Keil_v5\ARM\PACK\ARM\CMSIS\5.5.1\CMSIS\NN\Source\ConvolutionFunctions\arm_nn_mat_mult_kernel_q7_q15.c 0x00000000   Number         0  arm_nn_mat_mult_kernel_q7_q15.o ABSOLUTE
    D:\Keil_v5\ARM\PACK\ARM\CMSIS\5.5.1\CMSIS\NN\Source\ConvolutionFunctions\arm_nn_mat_mult_kernel_q7_q15_reordered.c 0x00000000   Number         0  arm_nn_mat_mult_kernel_q7_q15_reordered.o ABSOLUTE
    D:\Keil_v5\ARM\PACK\ARM\CMSIS\5.5.1\CMSIS\NN\Source\FullyConnectedFunctions\arm_fully_connected_mat_q7_vec_q15.c 0x00000000   Number         0  arm_fully_connected_mat_q7_vec_q15.o ABSOLUTE
    D:\Keil_v5\ARM\PACK\ARM\CMSIS\5.5.1\CMSIS\NN\Source\FullyConnectedFunctions\arm_fully_connected_mat_q7_vec_q15_opt.c 0x00000000   Number         0  arm_fully_connected_mat_q7_vec_q15_opt.o ABSOLUTE
    D:\Keil_v5\ARM\PACK\ARM\CMSIS\5.5.1\CMSIS\NN\Source\FullyConnectedFunctions\arm_fully_connected_q15.c 0x00000000   Number         0  arm_fully_connected_q15.o ABSOLUTE
    D:\Keil_v5\ARM\PACK\ARM\CMSIS\5.5.1\CMSIS\NN\Source\FullyConnectedFunctions\arm_fully_connected_q15_opt.c 0x00000000   Number         0  arm_fully_connected_q15_opt.o ABSOLUTE
    D:\Keil_v5\ARM\PACK\ARM\CMSIS\5.5.1\CMSIS\NN\Source\FullyConnectedFunctions\arm_fully_connected_q7.c 0x00000000   Number         0  arm_fully_connected_q7.o ABSOLUTE
    D:\Keil_v5\ARM\PACK\ARM\CMSIS\5.5.1\CMSIS\NN\Source\FullyConnectedFunctions\arm_fully_connected_q7_opt.c 0x00000000   Number         0  arm_fully_connected_q7_opt.o ABSOLUTE
    D:\Keil_v5\ARM\PACK\ARM\CMSIS\5.5.1\CMSIS\NN\Source\NNSupportFunctions\arm_nn_mult_q15.c 0x00000000   Number         0  arm_nn_mult_q15.o ABSOLUTE
    D:\Keil_v5\ARM\PACK\ARM\CMSIS\5.5.1\CMSIS\NN\Source\NNSupportFunctions\arm_nn_mult_q7.c 0x00000000   Number         0  arm_nn_mult_q7.o ABSOLUTE
    D:\Keil_v5\ARM\PACK\ARM\CMSIS\5.5.1\CMSIS\NN\Source\NNSupportFunctions\arm_nntables.c 0x00000000   Number         0  arm_nntables.o ABSOLUTE
    D:\Keil_v5\ARM\PACK\ARM\CMSIS\5.5.1\CMSIS\NN\Source\NNSupportFunctions\arm_q7_to_q15_no_shift.c 0x00000000   Number         0  arm_q7_to_q15_no_shift.o ABSOLUTE
    D:\Keil_v5\ARM\PACK\ARM\CMSIS\5.5.1\CMSIS\NN\Source\NNSupportFunctions\arm_q7_to_q15_reordered_no_shift.c 0x00000000   Number         0  arm_q7_to_q15_reordered_no_shift.o ABSOLUTE
    D:\Keil_v5\ARM\PACK\ARM\CMSIS\5.5.1\CMSIS\NN\Source\PoolingFunctions\arm_pool_q7_HWC.c 0x00000000   Number         0  arm_pool_q7_hwc.o ABSOLUTE
    D:\Keil_v5\ARM\PACK\ARM\CMSIS\5.5.1\CMSIS\NN\Source\SoftmaxFunctions\arm_softmax_q15.c 0x00000000   Number         0  arm_softmax_q15.o ABSOLUTE
    D:\Keil_v5\ARM\PACK\ARM\CMSIS\5.5.1\CMSIS\NN\Source\SoftmaxFunctions\arm_softmax_q7.c 0x00000000   Number         0  arm_softmax_q7.o ABSOLUTE
    D:\\Keil_v5\\ARM\\PACK\\ARM\\CMSIS\\5.5.1\\CMSIS\\NN\\Source\\ActivationFunctions\\arm_nn_activations_q15.c 0x00000000   Number         0  arm_nn_activations_q15.o ABSOLUTE
    D:\\Keil_v5\\ARM\\PACK\\ARM\\CMSIS\\5.5.1\\CMSIS\\NN\\Source\\ActivationFunctions\\arm_nn_activations_q7.c 0x00000000   Number         0  arm_nn_activations_q7.o ABSOLUTE
    D:\\Keil_v5\\ARM\\PACK\\ARM\\CMSIS\\5.5.1\\CMSIS\\NN\\Source\\ActivationFunctions\\arm_relu_q15.c 0x00000000   Number         0  arm_relu_q15.o ABSOLUTE
    D:\\Keil_v5\\ARM\\PACK\\ARM\\CMSIS\\5.5.1\\CMSIS\\NN\\Source\\ActivationFunctions\\arm_relu_q7.c 0x00000000   Number         0  arm_relu_q7.o ABSOLUTE
    D:\\Keil_v5\\ARM\\PACK\\ARM\\CMSIS\\5.5.1\\CMSIS\\NN\\Source\\ConvolutionFunctions\\arm_convolve_1x1_HWC_q7_fast_nonsquare.c 0x00000000   Number         0  arm_convolve_1x1_hwc_q7_fast_nonsquare.o ABSOLUTE
    D:\\Keil_v5\\ARM\\PACK\\ARM\\CMSIS\\5.5.1\\CMSIS\\NN\\Source\\ConvolutionFunctions\\arm_convolve_HWC_q15_basic.c 0x00000000   Number         0  arm_convolve_hwc_q15_basic.o ABSOLUTE
    D:\\Keil_v5\\ARM\\PACK\\ARM\\CMSIS\\5.5.1\\CMSIS\\NN\\Source\\ConvolutionFunctions\\arm_convolve_HWC_q15_fast.c 0x00000000   Number         0  arm_convolve_hwc_q15_fast.o ABSOLUTE
    D:\\Keil_v5\\ARM\\PACK\\ARM\\CMSIS\\5.5.1\\CMSIS\\NN\\Source\\ConvolutionFunctions\\arm_convolve_HWC_q7_RGB.c 0x00000000   Number         0  arm_convolve_hwc_q7_rgb.o ABSOLUTE
    D:\\Keil_v5\\ARM\\PACK\\ARM\\CMSIS\\5.5.1\\CMSIS\\NN\\Source\\ConvolutionFunctions\\arm_convolve_HWC_q7_basic.c 0x00000000   Number         0  arm_convolve_hwc_q7_basic.o ABSOLUTE
    D:\\Keil_v5\\ARM\\PACK\\ARM\\CMSIS\\5.5.1\\CMSIS\\NN\\Source\\ConvolutionFunctions\\arm_convolve_HWC_q7_basic_nonsquare.c 0x00000000   Number         0  arm_convolve_hwc_q7_basic_nonsquare.o ABSOLUTE
    D:\\Keil_v5\\ARM\\PACK\\ARM\\CMSIS\\5.5.1\\CMSIS\\NN\\Source\\ConvolutionFunctions\\arm_convolve_HWC_q7_fast.c 0x00000000   Number         0  arm_convolve_hwc_q7_fast.o ABSOLUTE
    D:\\Keil_v5\\ARM\\PACK\\ARM\\CMSIS\\5.5.1\\CMSIS\\NN\\Source\\ConvolutionFunctions\\arm_convolve_HWC_q7_fast_nonsquare.c 0x00000000   Number         0  arm_convolve_hwc_q7_fast_nonsquare.o ABSOLUTE
    D:\\Keil_v5\\ARM\\PACK\\ARM\\CMSIS\\5.5.1\\CMSIS\\NN\\Source\\ConvolutionFunctions\\arm_depthwise_separable_conv_HWC_q7.c 0x00000000   Number         0  arm_depthwise_separable_conv_hwc_q7.o ABSOLUTE
    D:\\Keil_v5\\ARM\\PACK\\ARM\\CMSIS\\5.5.1\\CMSIS\\NN\\Source\\ConvolutionFunctions\\arm_depthwise_separable_conv_HWC_q7_nonsquare.c 0x00000000   Number         0  arm_depthwise_separable_conv_hwc_q7_nonsquare.o ABSOLUTE
    D:\\Keil_v5\\ARM\\PACK\\ARM\\CMSIS\\5.5.1\\CMSIS\\NN\\Source\\ConvolutionFunctions\\arm_nn_mat_mult_kernel_q7_q15.c 0x00000000   Number         0  arm_nn_mat_mult_kernel_q7_q15.o ABSOLUTE
    D:\\Keil_v5\\ARM\\PACK\\ARM\\CMSIS\\5.5.1\\CMSIS\\NN\\Source\\ConvolutionFunctions\\arm_nn_mat_mult_kernel_q7_q15_reordered.c 0x00000000   Number         0  arm_nn_mat_mult_kernel_q7_q15_reordered.o ABSOLUTE
    D:\\Keil_v5\\ARM\\PACK\\ARM\\CMSIS\\5.5.1\\CMSIS\\NN\\Source\\FullyConnectedFunctions\\arm_fully_connected_mat_q7_vec_q15.c 0x00000000   Number         0  arm_fully_connected_mat_q7_vec_q15.o ABSOLUTE
    D:\\Keil_v5\\ARM\\PACK\\ARM\\CMSIS\\5.5.1\\CMSIS\\NN\\Source\\FullyConnectedFunctions\\arm_fully_connected_mat_q7_vec_q15_opt.c 0x00000000   Number         0  arm_fully_connected_mat_q7_vec_q15_opt.o ABSOLUTE
    D:\\Keil_v5\\ARM\\PACK\\ARM\\CMSIS\\5.5.1\\CMSIS\\NN\\Source\\FullyConnectedFunctions\\arm_fully_connected_q15.c 0x00000000   Number         0  arm_fully_connected_q15.o ABSOLUTE
    D:\\Keil_v5\\ARM\\PACK\\ARM\\CMSIS\\5.5.1\\CMSIS\\NN\\Source\\FullyConnectedFunctions\\arm_fully_connected_q15_opt.c 0x00000000   Number         0  arm_fully_connected_q15_opt.o ABSOLUTE
    D:\\Keil_v5\\ARM\\PACK\\ARM\\CMSIS\\5.5.1\\CMSIS\\NN\\Source\\FullyConnectedFunctions\\arm_fully_connected_q7.c 0x00000000   Number         0  arm_fully_connected_q7.o ABSOLUTE
    D:\\Keil_v5\\ARM\\PACK\\ARM\\CMSIS\\5.5.1\\CMSIS\\NN\\Source\\FullyConnectedFunctions\\arm_fully_connected_q7_opt.c 0x00000000   Number         0  arm_fully_connected_q7_opt.o ABSOLUTE
    D:\\Keil_v5\\ARM\\PACK\\ARM\\CMSIS\\5.5.1\\CMSIS\\NN\\Source\\NNSupportFunctions\\arm_nn_mult_q15.c 0x00000000   Number         0  arm_nn_mult_q15.o ABSOLUTE
    D:\\Keil_v5\\ARM\\PACK\\ARM\\CMSIS\\5.5.1\\CMSIS\\NN\\Source\\NNSupportFunctions\\arm_nn_mult_q7.c 0x00000000   Number         0  arm_nn_mult_q7.o ABSOLUTE
    D:\\Keil_v5\\ARM\\PACK\\ARM\\CMSIS\\5.5.1\\CMSIS\\NN\\Source\\NNSupportFunctions\\arm_nntables.c 0x00000000   Number         0  arm_nntables.o ABSOLUTE
    D:\\Keil_v5\\ARM\\PACK\\ARM\\CMSIS\\5.5.1\\CMSIS\\NN\\Source\\NNSupportFunctions\\arm_q7_to_q15_no_shift.c 0x00000000   Number         0  arm_q7_to_q15_no_shift.o ABSOLUTE
    D:\\Keil_v5\\ARM\\PACK\\ARM\\CMSIS\\5.5.1\\CMSIS\\NN\\Source\\NNSupportFunctions\\arm_q7_to_q15_reordered_no_shift.c 0x00000000   Number         0  arm_q7_to_q15_reordered_no_shift.o ABSOLUTE
    D:\\Keil_v5\\ARM\\PACK\\ARM\\CMSIS\\5.5.1\\CMSIS\\NN\\Source\\PoolingFunctions\\arm_pool_q7_HWC.c 0x00000000   Number         0  arm_pool_q7_hwc.o ABSOLUTE
    D:\\Keil_v5\\ARM\\PACK\\ARM\\CMSIS\\5.5.1\\CMSIS\\NN\\Source\\SoftmaxFunctions\\arm_softmax_q15.c 0x00000000   Number         0  arm_softmax_q15.o ABSOLUTE
    D:\\Keil_v5\\ARM\\PACK\\ARM\\CMSIS\\5.5.1\\CMSIS\\NN\\Source\\SoftmaxFunctions\\arm_softmax_q7.c 0x00000000   Number         0  arm_softmax_q7.o ABSOLUTE
    arm_bitreversal2.c                       0x00000000   Number         0  arm_bitreversal2.o ABSOLUTE
    arm_cfft_f32.c                           0x00000000   Number         0  arm_cfft_f32.o ABSOLUTE
    arm_cfft_radix8_f32.c                    0x00000000   Number         0  arm_cfft_radix8_f32.o ABSOLUTE
    arm_cmplx_mag_f32.c                      0x00000000   Number         0  arm_cmplx_mag_f32.o ABSOLUTE
    arm_common_tables.c                      0x00000000   Number         0  arm_common_tables.o ABSOLUTE
    arm_rfft_fast_f32.c                      0x00000000   Number         0  arm_rfft_fast_f32.o ABSOLUTE
    arm_rfft_fast_init_f32.c                 0x00000000   Number         0  arm_rfft_fast_init_f32.o ABSOLUTE
    cdcmple.s                                0x00000000   Number         0  cdcmple.o ABSOLUTE
    cdrcmple.s                               0x00000000   Number         0  cdrcmple.o ABSOLUTE
    dc.s                                     0x00000000   Number         0  dc.o ABSOLUTE
    handlers.s                               0x00000000   Number         0  handlers.o ABSOLUTE
    init.s                                   0x00000000   Number         0  init.o ABSOLUTE
    startup_stm32f446xx.s                    0x00000000   Number         0  startup_stm32f446xx.o ABSOLUTE
    RESET                                    0x08000000   Section      452  startup_stm32f446xx.o(RESET)
    .ARM.Collect$$$$00000000                 0x080001c4   Section        0  entry.o(.ARM.Collect$$$$00000000)
    .ARM.Collect$$$$00000001                 0x080001c4   Section        4  entry2.o(.ARM.Collect$$$$00000001)
    .ARM.Collect$$$$00000004                 0x080001c8   Section        4  entry5.o(.ARM.Collect$$$$00000004)
    .ARM.Collect$$$$00000008                 0x080001cc   Section        0  entry7b.o(.ARM.Collect$$$$00000008)
    .ARM.Collect$$$$0000000A                 0x080001cc   Section        0  entry8b.o(.ARM.Collect$$$$0000000A)
    .ARM.Collect$$$$0000000B                 0x080001cc   Section        8  entry9a.o(.ARM.Collect$$$$0000000B)
    .ARM.Collect$$$$0000000D                 0x080001d4   Section        0  entry10a.o(.ARM.Collect$$$$0000000D)
    .ARM.Collect$$$$0000000F                 0x080001d4   Section        0  entry11a.o(.ARM.Collect$$$$0000000F)
    .ARM.Collect$$$$00002712                 0x080001d4   Section        4  entry2.o(.ARM.Collect$$$$00002712)
    __lit__00000000                          0x080001d4   Data           4  entry2.o(.ARM.Collect$$$$00002712)
    .text                                    0x080001d8   Section       36  startup_stm32f446xx.o(.text)
    $v0                                      0x080001d8   Number         0  startup_stm32f446xx.o(.text)
    .text                                    0x080001fc   Section        0  uldiv.o(.text)
    .text                                    0x0800025e   Section        0  dadd.o(.text)
    .text                                    0x080003ac   Section        0  dmul.o(.text)
    .text                                    0x08000490   Section        0  f2d.o(.text)
    .text                                    0x080004b6   Section        0  d2f.o(.text)
    .text                                    0x080004ee   Section        0  llshl.o(.text)
    .text                                    0x0800050c   Section        0  llushr.o(.text)
    .text                                    0x0800052c   Section        0  llsshr.o(.text)
    .text                                    0x08000550   Section        0  fepilogue.o(.text)
    .text                                    0x08000550   Section        0  iusefp.o(.text)
    .text                                    0x080005be   Section        0  depilogue.o(.text)
    .text                                    0x08000678   Section        0  ddiv.o(.text)
    .text                                    0x08000756   Section        0  dflti.o(.text)
    .text                                    0x08000778   Section       48  cdcmple.o(.text)
    .text                                    0x080007a8   Section       36  init.o(.text)
    .text                                    0x080007cc   Section        0  __dclz77c.o(.text)
    [Anonymous Symbol]                       0x0800082c   Section        0  arm_bitreversal2.o(.text.arm_bitreversal_32)
    [Anonymous Symbol]                       0x0800086c   Section        0  arm_cfft_f32.o(.text.arm_cfft_f32)
    [Anonymous Symbol]                       0x0800094c   Section        0  arm_cfft_f32.o(.text.arm_cfft_radix8by2_f32)
    [Anonymous Symbol]                       0x08000ae8   Section        0  arm_cfft_f32.o(.text.arm_cfft_radix8by4_f32)
    [Anonymous Symbol]                       0x08000f10   Section        0  arm_cmplx_mag_f32.o(.text.arm_cmplx_mag_f32)
    [Anonymous Symbol]                       0x08001050   Section        0  arm_cfft_radix8_f32.o(.text.arm_radix8_butterfly_f32)
    [Anonymous Symbol]                       0x080015f8   Section        0  arm_rfft_fast_init_f32.o(.text.arm_rfft_1024_fast_init_f32)
    [Anonymous Symbol]                       0x08001634   Section        0  arm_rfft_fast_init_f32.o(.text.arm_rfft_128_fast_init_f32)
    [Anonymous Symbol]                       0x0800166a   Section        0  arm_rfft_fast_init_f32.o(.text.arm_rfft_2048_fast_init_f32)
    [Anonymous Symbol]                       0x080016a6   Section        0  arm_rfft_fast_init_f32.o(.text.arm_rfft_256_fast_init_f32)
    [Anonymous Symbol]                       0x080016de   Section        0  arm_rfft_fast_init_f32.o(.text.arm_rfft_32_fast_init_f32)
    [Anonymous Symbol]                       0x08001714   Section        0  arm_rfft_fast_init_f32.o(.text.arm_rfft_4096_fast_init_f32)
    [Anonymous Symbol]                       0x08001750   Section        0  arm_rfft_fast_init_f32.o(.text.arm_rfft_512_fast_init_f32)
    [Anonymous Symbol]                       0x0800178c   Section        0  arm_rfft_fast_init_f32.o(.text.arm_rfft_64_fast_init_f32)
    [Anonymous Symbol]                       0x080017c2   Section        0  arm_rfft_fast_f32.o(.text.arm_rfft_fast_f32)
    [Anonymous Symbol]                       0x08001812   Section        0  arm_rfft_fast_init_f32.o(.text.arm_rfft_fast_init_f32)
    [Anonymous Symbol]                       0x080018a4   Section        0  arm_rfft_fast_f32.o(.text.merge_rfft_f32)
    [Anonymous Symbol]                       0x08001958   Section        0  arm_rfft_fast_f32.o(.text.stage_rfft_f32)
    i.ADC_DMAConvCplt                        0x08001a10   Section        0  stm32f4xx_hal_adc.o(i.ADC_DMAConvCplt)
    ADC_DMAConvCplt                          0x08001a11   Thumb Code    98  stm32f4xx_hal_adc.o(i.ADC_DMAConvCplt)
    i.ADC_DMAError                           0x08001a72   Section        0  stm32f4xx_hal_adc.o(i.ADC_DMAError)
    ADC_DMAError                             0x08001a73   Thumb Code    22  stm32f4xx_hal_adc.o(i.ADC_DMAError)
    i.ADC_DMAHalfConvCplt                    0x08001a88   Section        0  stm32f4xx_hal_adc.o(i.ADC_DMAHalfConvCplt)
    ADC_DMAHalfConvCplt                      0x08001a89   Thumb Code    10  stm32f4xx_hal_adc.o(i.ADC_DMAHalfConvCplt)
    i.ADC_Init                               0x08001a94   Section        0  stm32f4xx_hal_adc.o(i.ADC_Init)
    ADC_Init                                 0x08001a95   Thumb Code   280  stm32f4xx_hal_adc.o(i.ADC_Init)
    i.BusFault_Handler                       0x08001bb8   Section        0  stm32f4xx_it.o(i.BusFault_Handler)
    i.DMA2_Stream0_IRQHandler                0x08001bbc   Section        0  stm32f4xx_it.o(i.DMA2_Stream0_IRQHandler)
    i.DMA_CalcBaseAndBitshift                0x08001bc8   Section        0  stm32f4xx_hal_dma.o(i.DMA_CalcBaseAndBitshift)
    DMA_CalcBaseAndBitshift                  0x08001bc9   Thumb Code    34  stm32f4xx_hal_dma.o(i.DMA_CalcBaseAndBitshift)
    i.DMA_CheckFifoParam                     0x08001bf0   Section        0  stm32f4xx_hal_dma.o(i.DMA_CheckFifoParam)
    DMA_CheckFifoParam                       0x08001bf1   Thumb Code    84  stm32f4xx_hal_dma.o(i.DMA_CheckFifoParam)
    i.DMA_SetConfig                          0x08001c44   Section        0  stm32f4xx_hal_dma.o(i.DMA_SetConfig)
    DMA_SetConfig                            0x08001c45   Thumb Code    40  stm32f4xx_hal_dma.o(i.DMA_SetConfig)
    i.DebugMon_Handler                       0x08001c6c   Section        0  stm32f4xx_it.o(i.DebugMon_Handler)
    i.GPIO_Init                              0x08001c70   Section        0  lcd_v2.o(i.GPIO_Init)
    GPIO_Init                                0x08001c71   Thumb Code   120  lcd_v2.o(i.GPIO_Init)
    i.HAL_ADC_ConfigChannel                  0x08001cf8   Section        0  stm32f4xx_hal_adc.o(i.HAL_ADC_ConfigChannel)
    i.HAL_ADC_ConvCpltCallback               0x08001e4c   Section        0  main.o(i.HAL_ADC_ConvCpltCallback)
    i.HAL_ADC_ConvHalfCpltCallback           0x08001e78   Section        0  stm32f4xx_hal_adc.o(i.HAL_ADC_ConvHalfCpltCallback)
    i.HAL_ADC_ErrorCallback                  0x08001e7a   Section        0  stm32f4xx_hal_adc.o(i.HAL_ADC_ErrorCallback)
    i.HAL_ADC_Init                           0x08001e7c   Section        0  stm32f4xx_hal_adc.o(i.HAL_ADC_Init)
    i.HAL_ADC_MspInit                        0x08001ed0   Section        0  adc.o(i.HAL_ADC_MspInit)
    i.HAL_ADC_Start_DMA                      0x08001f64   Section        0  stm32f4xx_hal_adc.o(i.HAL_ADC_Start_DMA)
    i.HAL_DMA_IRQHandler                     0x08002064   Section        0  stm32f4xx_hal_dma.o(i.HAL_DMA_IRQHandler)
    i.HAL_DMA_Init                           0x08002204   Section        0  stm32f4xx_hal_dma.o(i.HAL_DMA_Init)
    i.HAL_DMA_Start_IT                       0x080022d8   Section        0  stm32f4xx_hal_dma.o(i.HAL_DMA_Start_IT)
    i.HAL_Delay                              0x08002350   Section        0  stm32f4xx_hal.o(i.HAL_Delay)
    i.HAL_GPIO_Init                          0x08002374   Section        0  stm32f4xx_hal_gpio.o(i.HAL_GPIO_Init)
    i.HAL_GPIO_WritePin                      0x08002518   Section        0  stm32f4xx_hal_gpio.o(i.HAL_GPIO_WritePin)
    i.HAL_GetTick                            0x08002524   Section        0  stm32f4xx_hal.o(i.HAL_GetTick)
    i.HAL_IncTick                            0x08002530   Section        0  stm32f4xx_hal.o(i.HAL_IncTick)
    i.HAL_Init                               0x08002540   Section        0  stm32f4xx_hal.o(i.HAL_Init)
    i.HAL_InitTick                           0x08002574   Section        0  stm32f4xx_hal.o(i.HAL_InitTick)
    i.HAL_MspInit                            0x080025b4   Section        0  stm32f4xx_hal_msp.o(i.HAL_MspInit)
    i.HAL_NVIC_EnableIRQ                     0x08002638   Section        0  stm32f4xx_hal_cortex.o(i.HAL_NVIC_EnableIRQ)
    i.HAL_NVIC_SetPriority                   0x08002650   Section        0  stm32f4xx_hal_cortex.o(i.HAL_NVIC_SetPriority)
    i.HAL_NVIC_SetPriorityGrouping           0x08002690   Section        0  stm32f4xx_hal_cortex.o(i.HAL_NVIC_SetPriorityGrouping)
    i.HAL_RCC_ClockConfig                    0x080026b4   Section        0  stm32f4xx_hal_rcc.o(i.HAL_RCC_ClockConfig)
    i.HAL_RCC_GetHCLKFreq                    0x080027e4   Section        0  stm32f4xx_hal_rcc.o(i.HAL_RCC_GetHCLKFreq)
    i.HAL_RCC_GetPCLK1Freq                   0x080027f0   Section        0  stm32f4xx_hal_rcc.o(i.HAL_RCC_GetPCLK1Freq)
    i.HAL_RCC_GetPCLK2Freq                   0x08002810   Section        0  stm32f4xx_hal_rcc.o(i.HAL_RCC_GetPCLK2Freq)
    i.HAL_RCC_GetSysClockFreq                0x08002830   Section        0  stm32f4xx_hal_rcc_ex.o(i.HAL_RCC_GetSysClockFreq)
    i.HAL_RCC_OscConfig                      0x080028c4   Section        0  stm32f4xx_hal_rcc_ex.o(i.HAL_RCC_OscConfig)
    i.HAL_SYSTICK_CLKSourceConfig            0x08002c08   Section        0  stm32f4xx_hal_cortex.o(i.HAL_SYSTICK_CLKSourceConfig)
    i.HAL_SYSTICK_Callback                   0x08002c20   Section        0  stm32f4xx_hal_cortex.o(i.HAL_SYSTICK_Callback)
    i.HAL_SYSTICK_Config                     0x08002c22   Section        0  stm32f4xx_hal_cortex.o(i.HAL_SYSTICK_Config)
    i.HAL_SYSTICK_IRQHandler                 0x08002c4a   Section        0  stm32f4xx_hal_cortex.o(i.HAL_SYSTICK_IRQHandler)
    i.HAL_TIMEx_MasterConfigSynchronization  0x08002c52   Section        0  stm32f4xx_hal_tim_ex.o(i.HAL_TIMEx_MasterConfigSynchronization)
    i.HAL_TIM_Base_Init                      0x08002ca2   Section        0  stm32f4xx_hal_tim.o(i.HAL_TIM_Base_Init)
    i.HAL_TIM_Base_MspInit                   0x08002cd8   Section        0  tim.o(i.HAL_TIM_Base_MspInit)
    i.HAL_TIM_Base_Start                     0x08002cfc   Section        0  stm32f4xx_hal_tim.o(i.HAL_TIM_Base_Start)
    i.HAL_TIM_ConfigClockSource              0x08002d16   Section        0  stm32f4xx_hal_tim.o(i.HAL_TIM_ConfigClockSource)
    i.HAL_UART_Init                          0x08002e08   Section        0  stm32f4xx_hal_uart.o(i.HAL_UART_Init)
    i.HAL_UART_MspInit                       0x08002e6c   Section        0  usart.o(i.HAL_UART_MspInit)
    i.HardFault_Handler                      0x08002eb8   Section        0  stm32f4xx_it.o(i.HardFault_Handler)
    i.LCD_Begin                              0x08002ebc   Section        0  lcd_v2.o(i.LCD_Begin)
    i.LCD_DrawPixel                          0x08002f40   Section        0  lcd_v2.o(i.LCD_DrawPixel)
    i.LCD_FillScreen                         0x08002fd0   Section        0  lcd_v2.o(i.LCD_FillScreen)
    i.LCD_Flood                              0x08003028   Section        0  lcd_v2.o(i.LCD_Flood)
    i.LCD_Reset                              0x08003250   Section        0  lcd_v2.o(i.LCD_Reset)
    i.LCD_SetAddrWindow                      0x080032f0   Section        0  lcd_v2.o(i.LCD_SetAddrWindow)
    i.LCD_SetRotation                        0x080033b0   Section        0  lcd_v2.o(i.LCD_SetRotation)
    i.LCD_Write8                             0x080033e0   Section        0  lcd_v2.o(i.LCD_Write8)
    i.LCD_WriteRegister16                    0x08003474   Section        0  lcd_v2.o(i.LCD_WriteRegister16)
    i.MX_ADC1_Init                           0x080034b8   Section        0  adc.o(i.MX_ADC1_Init)
    i.MX_DMA_Init                            0x08003528   Section        0  dma.o(i.MX_DMA_Init)
    i.MX_GPIO_Init                           0x08003554   Section        0  gpio.o(i.MX_GPIO_Init)
    i.MX_TIM2_Init                           0x080035e4   Section        0  tim.o(i.MX_TIM2_Init)
    i.MX_USART2_UART_Init                    0x08003658   Section        0  usart.o(i.MX_USART2_UART_Init)
    i.MemManage_Handler                      0x080036a4   Section        0  stm32f4xx_it.o(i.MemManage_Handler)
    i.NMI_Handler                            0x080036a6   Section        0  stm32f4xx_it.o(i.NMI_Handler)
    i.NVIC_SetPriority                       0x080036a8   Section        0  stm32f4xx_hal_cortex.o(i.NVIC_SetPriority)
    NVIC_SetPriority                         0x080036a9   Thumb Code    32  stm32f4xx_hal_cortex.o(i.NVIC_SetPriority)
    i.PendSV_Handler                         0x080036c8   Section        0  stm32f4xx_it.o(i.PendSV_Handler)
    i.SVC_Handler                            0x080036ca   Section        0  stm32f4xx_it.o(i.SVC_Handler)
    i.SysTick_Handler                        0x080036cc   Section        0  stm32f4xx_it.o(i.SysTick_Handler)
    i.SystemClock_Config                     0x080036dc   Section        0  main.o(i.SystemClock_Config)
    i.SystemInit                             0x0800377c   Section        0  system_stm32f4xx.o(i.SystemInit)
    i.TC_ResNet                              0x080037d0   Section        0  main.o(i.TC_ResNet)
    i.TIM_Base_SetConfig                     0x08003a58   Section        0  stm32f4xx_hal_tim.o(i.TIM_Base_SetConfig)
    i.TIM_ETR_SetConfig                      0x08003b18   Section        0  stm32f4xx_hal_tim.o(i.TIM_ETR_SetConfig)
    TIM_ETR_SetConfig                        0x08003b19   Thumb Code    20  stm32f4xx_hal_tim.o(i.TIM_ETR_SetConfig)
    i.TIM_ITRx_SetConfig                     0x08003b2c   Section        0  stm32f4xx_hal_tim.o(i.TIM_ITRx_SetConfig)
    TIM_ITRx_SetConfig                       0x08003b2d   Thumb Code    16  stm32f4xx_hal_tim.o(i.TIM_ITRx_SetConfig)
    i.TIM_TI1_ConfigInputStage               0x08003b3c   Section        0  stm32f4xx_hal_tim.o(i.TIM_TI1_ConfigInputStage)
    TIM_TI1_ConfigInputStage                 0x08003b3d   Thumb Code    34  stm32f4xx_hal_tim.o(i.TIM_TI1_ConfigInputStage)
    i.TIM_TI2_ConfigInputStage               0x08003b5e   Section        0  stm32f4xx_hal_tim.o(i.TIM_TI2_ConfigInputStage)
    TIM_TI2_ConfigInputStage                 0x08003b5f   Thumb Code    36  stm32f4xx_hal_tim.o(i.TIM_TI2_ConfigInputStage)
    i.UART_SetConfig                         0x08003b84   Section        0  stm32f4xx_hal_uart.o(i.UART_SetConfig)
    UART_SetConfig                           0x08003b85   Thumb Code   676  stm32f4xx_hal_uart.o(i.UART_SetConfig)
    i.UsageFault_Handler                     0x08003e30   Section        0  stm32f4xx_it.o(i.UsageFault_Handler)
    i._Error_Handler                         0x08003e32   Section        0  main.o(i._Error_Handler)
    i.__hardfp_log                           0x08003e38   Section        0  log.o(i.__hardfp_log)
    i.__hardfp_sqrtf                         0x080041fc   Section        0  sqrtf.o(i.__hardfp_sqrtf)
    i.__kernel_poly                          0x08004236   Section        0  poly.o(i.__kernel_poly)
    i.__mathlib_dbl_divzero                  0x08004330   Section        0  dunder.o(i.__mathlib_dbl_divzero)
    i.__mathlib_dbl_infnan                   0x08004360   Section        0  dunder.o(i.__mathlib_dbl_infnan)
    i.__mathlib_dbl_invalid                  0x08004378   Section        0  dunder.o(i.__mathlib_dbl_invalid)
    i.__scatterload_copy                     0x08004398   Section       14  handlers.o(i.__scatterload_copy)
    i.__scatterload_null                     0x080043a6   Section        2  handlers.o(i.__scatterload_null)
    i.__scatterload_zeroinit                 0x080043a8   Section       14  handlers.o(i.__scatterload_zeroinit)
    i.__set_errno                            0x080043b8   Section        0  errno.o(i.__set_errno)
    i.arm_convolve_HWC_q7_basic_nonsquare    0x080043c4   Section        0  arm_convolve_hwc_q7_basic_nonsquare.o(i.arm_convolve_HWC_q7_basic_nonsquare)
    i.arm_fully_connected_q7                 0x080044c8   Section        0  arm_fully_connected_q7.o(i.arm_fully_connected_q7)
    i.arm_relu_q7                            0x08004524   Section        0  arm_relu_q7.o(i.arm_relu_q7)
    i.arm_softmax_q7                         0x0800453e   Section        0  arm_softmax_q7.o(i.arm_softmax_q7)
    i.compute_logMelCoefficients             0x080045b4   Section        0  main.o(i.compute_logMelCoefficients)
    i.delay                                  0x08004788   Section        0  lcd_v2.o(i.delay)
    i.draw_square                            0x08004794   Section        0  main.o(i.draw_square)
    i.main                                   0x080047cc   Section        0  main.o(i.main)
    i.pixel_color                            0x08004848   Section        0  main.o(i.pixel_color)
    .constdata                               0x0800487e   Section      840  lcd_v2.o(.constdata)
    font                                     0x0800487e   Data         640  lcd_v2.o(.constdata)
    ST7781_regValues                         0x08004afe   Data         200  lcd_v2.o(.constdata)
    .constdata                               0x08004bc6   Section        8  stm32f4xx_hal_dma.o(.constdata)
    flagBitshiftOffset                       0x08004bc6   Data           8  stm32f4xx_hal_dma.o(.constdata)
    .constdata                               0x08004bce   Section       16  system_stm32f4xx.o(.constdata)
    .constdata                               0x08004bde   Section        8  system_stm32f4xx.o(.constdata)
    .constdata                               0x08004be8   Section       56  log.o(.constdata)
    Lg2                                      0x08004be8   Data          24  log.o(.constdata)
    Lg                                       0x08004c00   Data          32  log.o(.constdata)
    .constdata                               0x08004c20   Section        8  qnan.o(.constdata)
    .data                                    0x20000000   Section       16  lcd_v2.o(.data)
    m_textsize                               0x20000000   Data           1  lcd_v2.o(.data)
    m_rotation                               0x20000001   Data           1  lcd_v2.o(.data)
    m_wrap                                   0x20000002   Data           1  lcd_v2.o(.data)
    m_width                                  0x20000004   Data           2  lcd_v2.o(.data)
    m_height                                 0x20000006   Data           2  lcd_v2.o(.data)
    m_cursor_x                               0x20000008   Data           2  lcd_v2.o(.data)
    m_cursor_y                               0x2000000a   Data           2  lcd_v2.o(.data)
    m_textcolor                              0x2000000c   Data           2  lcd_v2.o(.data)
    m_textbgcolor                            0x2000000e   Data           2  lcd_v2.o(.data)
    .data                                    0x20000010   Section    73076  main.o(.data)
    conv0_wt                                 0x20002be8   Data        1920  main.o(.data)
    conv0_bias                               0x20003368   Data          16  main.o(.data)
    conv1_wt                                 0x20003378   Data        3456  main.o(.data)
    conv2_wt                                 0x200040f8   Data        5184  main.o(.data)
    conv3_wt                                 0x20005538   Data        6912  main.o(.data)
    conv4_wt                                 0x20007038   Data        9216  main.o(.data)
    conv5_wt                                 0x20009438   Data       13824  main.o(.data)
    conv6_wt                                 0x2000ca38   Data       20736  main.o(.data)
    ip1_wt                                   0x20011b38   Data         576  main.o(.data)
    ip1_bias                                 0x20011d78   Data          12  main.o(.data)
    .data                                    0x20011d84   Section       12  stm32f4xx_hal.o(.data)
    .data                                    0x20011d90   Section        4  system_stm32f4xx.o(.data)
    .data                                    0x20011d94   Section        4  errno.o(.data)
    _errno                                   0x20011d94   Data           4  errno.o(.data)
    .bss                                     0x20011d98   Section    29584  main.o(.bss)
    conv1_bias                               0x20011d98   Data          24  main.o(.bss)
    conv2_bias                               0x20011db0   Data          24  main.o(.bss)
    conv3_bias                               0x20011dc8   Data          32  main.o(.bss)
    conv4_bias                               0x20011de8   Data          32  main.o(.bss)
    conv5_bias                               0x20011e08   Data          48  main.o(.bss)
    conv6_bias                               0x20011e38   Data          48  main.o(.bss)
    .bss                                     0x20019128   Section      168  adc.o(.bss)
    .bss                                     0x200191d0   Section       60  tim.o(.bss)
    .bss                                     0x2001920c   Section       64  usart.o(.bss)
    STACK                                    0x20019250   Section     1024  startup_stm32f446xx.o(STACK)

    Global Symbols

    Symbol Name                              Value     Ov Type        Size  Object(Section)

    BuildAttributes$$THM_ISAv4$E$P$D$K$B$S$7EM$VFPi3$EXTD16$VFPS$VFMA$PE$A:L22UL41UL21$X:L11$S22US41US21$IEEE1$IW$USESV6$~STKCKD$USESV7$~SHL$OTIME$ROPI$IEEEX$EBA8$MICROLIB$REQ8$PRES8$EABIv2 0x00000000   Number         0  anon$$obj.o ABSOLUTE
    __ARM_use_no_argv                        0x00000000   Number         0  main.o ABSOLUTE
    __cpp_initialize__aeabi_                  - Undefined Weak Reference
    __cxa_finalize                            - Undefined Weak Reference
    _clock_init                               - Undefined Weak Reference
    _microlib_exit                            - Undefined Weak Reference
    __Vectors_Size                           0x000001c4   Number         0  startup_stm32f446xx.o ABSOLUTE
    __Vectors                                0x08000000   Data           4  startup_stm32f446xx.o(RESET)
    __Vectors_End                            0x080001c4   Data           0  startup_stm32f446xx.o(RESET)
    __main                                   0x080001c5   Thumb Code     0  entry.o(.ARM.Collect$$$$00000000)
    _main_stk                                0x080001c5   Thumb Code     0  entry2.o(.ARM.Collect$$$$00000001)
    _main_scatterload                        0x080001c9   Thumb Code     0  entry5.o(.ARM.Collect$$$$00000004)
    __main_after_scatterload                 0x080001cd   Thumb Code     0  entry5.o(.ARM.Collect$$$$00000004)
    _main_clock                              0x080001cd   Thumb Code     0  entry7b.o(.ARM.Collect$$$$00000008)
    _main_cpp_init                           0x080001cd   Thumb Code     0  entry8b.o(.ARM.Collect$$$$0000000A)
    _main_init                               0x080001cd   Thumb Code     0  entry9a.o(.ARM.Collect$$$$0000000B)
    __rt_final_cpp                           0x080001d5   Thumb Code     0  entry10a.o(.ARM.Collect$$$$0000000D)
    __rt_final_exit                          0x080001d5   Thumb Code     0  entry11a.o(.ARM.Collect$$$$0000000F)
    Reset_Handler                            0x080001d9   Thumb Code     8  startup_stm32f446xx.o(.text)
    ADC_IRQHandler                           0x080001f3   Thumb Code     0  startup_stm32f446xx.o(.text)
    CAN1_RX0_IRQHandler                      0x080001f3   Thumb Code     0  startup_stm32f446xx.o(.text)
    CAN1_RX1_IRQHandler                      0x080001f3   Thumb Code     0  startup_stm32f446xx.o(.text)
    CAN1_SCE_IRQHandler                      0x080001f3   Thumb Code     0  startup_stm32f446xx.o(.text)
    CAN1_TX_IRQHandler                       0x080001f3   Thumb Code     0  startup_stm32f446xx.o(.text)
    CAN2_RX0_IRQHandler                      0x080001f3   Thumb Code     0  startup_stm32f446xx.o(.text)
    CAN2_RX1_IRQHandler                      0x080001f3   Thumb Code     0  startup_stm32f446xx.o(.text)
    CAN2_SCE_IRQHandler                      0x080001f3   Thumb Code     0  startup_stm32f446xx.o(.text)
    CAN2_TX_IRQHandler                       0x080001f3   Thumb Code     0  startup_stm32f446xx.o(.text)
    CEC_IRQHandler                           0x080001f3   Thumb Code     0  startup_stm32f446xx.o(.text)
    DCMI_IRQHandler                          0x080001f3   Thumb Code     0  startup_stm32f446xx.o(.text)
    DMA1_Stream0_IRQHandler                  0x080001f3   Thumb Code     0  startup_stm32f446xx.o(.text)
    DMA1_Stream1_IRQHandler                  0x080001f3   Thumb Code     0  startup_stm32f446xx.o(.text)
    DMA1_Stream2_IRQHandler                  0x080001f3   Thumb Code     0  startup_stm32f446xx.o(.text)
    DMA1_Stream3_IRQHandler                  0x080001f3   Thumb Code     0  startup_stm32f446xx.o(.text)
    DMA1_Stream4_IRQHandler                  0x080001f3   Thumb Code     0  startup_stm32f446xx.o(.text)
    DMA1_Stream5_IRQHandler                  0x080001f3   Thumb Code     0  startup_stm32f446xx.o(.text)
    DMA1_Stream6_IRQHandler                  0x080001f3   Thumb Code     0  startup_stm32f446xx.o(.text)
    DMA1_Stream7_IRQHandler                  0x080001f3   Thumb Code     0  startup_stm32f446xx.o(.text)
    DMA2_Stream1_IRQHandler                  0x080001f3   Thumb Code     0  startup_stm32f446xx.o(.text)
    DMA2_Stream2_IRQHandler                  0x080001f3   Thumb Code     0  startup_stm32f446xx.o(.text)
    DMA2_Stream3_IRQHandler                  0x080001f3   Thumb Code     0  startup_stm32f446xx.o(.text)
    DMA2_Stream4_IRQHandler                  0x080001f3   Thumb Code     0  startup_stm32f446xx.o(.text)
    DMA2_Stream5_IRQHandler                  0x080001f3   Thumb Code     0  startup_stm32f446xx.o(.text)
    DMA2_Stream6_IRQHandler                  0x080001f3   Thumb Code     0  startup_stm32f446xx.o(.text)
    DMA2_Stream7_IRQHandler                  0x080001f3   Thumb Code     0  startup_stm32f446xx.o(.text)
    EXTI0_IRQHandler                         0x080001f3   Thumb Code     0  startup_stm32f446xx.o(.text)
    EXTI15_10_IRQHandler                     0x080001f3   Thumb Code     0  startup_stm32f446xx.o(.text)
    EXTI1_IRQHandler                         0x080001f3   Thumb Code     0  startup_stm32f446xx.o(.text)
    EXTI2_IRQHandler                         0x080001f3   Thumb Code     0  startup_stm32f446xx.o(.text)
    EXTI3_IRQHandler                         0x080001f3   Thumb Code     0  startup_stm32f446xx.o(.text)
    EXTI4_IRQHandler                         0x080001f3   Thumb Code     0  startup_stm32f446xx.o(.text)
    EXTI9_5_IRQHandler                       0x080001f3   Thumb Code     0  startup_stm32f446xx.o(.text)
    FLASH_IRQHandler                         0x080001f3   Thumb Code     0  startup_stm32f446xx.o(.text)
    FMC_IRQHandler                           0x080001f3   Thumb Code     0  startup_stm32f446xx.o(.text)
    FPU_IRQHandler                           0x080001f3   Thumb Code     0  startup_stm32f446xx.o(.text)
    I2C1_ER_IRQHandler                       0x080001f3   Thumb Code     0  startup_stm32f446xx.o(.text)
    I2C1_EV_IRQHandler                       0x080001f3   Thumb Code     0  startup_stm32f446xx.o(.text)
    I2C2_ER_IRQHandler                       0x080001f3   Thumb Code     0  startup_stm32f446xx.o(.text)
    I2C2_EV_IRQHandler                       0x080001f3   Thumb Code     0  startup_stm32f446xx.o(.text)
    I2C3_ER_IRQHandler                       0x080001f3   Thumb Code     0  startup_stm32f446xx.o(.text)
    I2C3_EV_IRQHandler                       0x080001f3   Thumb Code     0  startup_stm32f446xx.o(.text)
    I2C4_Error_IRQHandler                    0x080001f3   Thumb Code     0  startup_stm32f446xx.o(.text)
    I2C4_Event_IRQHandler                    0x080001f3   Thumb Code     0  startup_stm32f446xx.o(.text)
    OTG_FS_IRQHandler                        0x080001f3   Thumb Code     0  startup_stm32f446xx.o(.text)
    OTG_FS_WKUP_IRQHandler                   0x080001f3   Thumb Code     0  startup_stm32f446xx.o(.text)
    OTG_HS_EP1_IN_IRQHandler                 0x080001f3   Thumb Code     0  startup_stm32f446xx.o(.text)
    OTG_HS_EP1_OUT_IRQHandler                0x080001f3   Thumb Code     0  startup_stm32f446xx.o(.text)
    OTG_HS_IRQHandler                        0x080001f3   Thumb Code     0  startup_stm32f446xx.o(.text)
    OTG_HS_WKUP_IRQHandler                   0x080001f3   Thumb Code     0  startup_stm32f446xx.o(.text)
    PVD_IRQHandler                           0x080001f3   Thumb Code     0  startup_stm32f446xx.o(.text)
    QUADSPI_IRQHandler                       0x080001f3   Thumb Code     0  startup_stm32f446xx.o(.text)
    RCC_IRQHandler                           0x080001f3   Thumb Code     0  startup_stm32f446xx.o(.text)
    RTC_Alarm_IRQHandler                     0x080001f3   Thumb Code     0  startup_stm32f446xx.o(.text)
    RTC_WKUP_IRQHandler                      0x080001f3   Thumb Code     0  startup_stm32f446xx.o(.text)
    SAI1_IRQHandler                          0x080001f3   Thumb Code     0  startup_stm32f446xx.o(.text)
    SAI2_IRQHandler                          0x080001f3   Thumb Code     0  startup_stm32f446xx.o(.text)
    SDIO_IRQHandler                          0x080001f3   Thumb Code     0  startup_stm32f446xx.o(.text)
    SPDIF_RX_IRQHandler                      0x080001f3   Thumb Code     0  startup_stm32f446xx.o(.text)
    SPI1_IRQHandler                          0x080001f3   Thumb Code     0  startup_stm32f446xx.o(.text)
    SPI2_IRQHandler                          0x080001f3   Thumb Code     0  startup_stm32f446xx.o(.text)
    SPI3_IRQHandler                          0x080001f3   Thumb Code     0  startup_stm32f446xx.o(.text)
    SPI4_IRQHandler                          0x080001f3   Thumb Code     0  startup_stm32f446xx.o(.text)
    TAMP_STAMP_IRQHandler                    0x080001f3   Thumb Code     0  startup_stm32f446xx.o(.text)
    TIM1_BRK_TIM9_IRQHandler                 0x080001f3   Thumb Code     0  startup_stm32f446xx.o(.text)
    TIM1_CC_IRQHandler                       0x080001f3   Thumb Code     0  startup_stm32f446xx.o(.text)
    TIM1_TRG_COM_TIM11_IRQHandler            0x080001f3   Thumb Code     0  startup_stm32f446xx.o(.text)
    TIM1_UP_TIM10_IRQHandler                 0x080001f3   Thumb Code     0  startup_stm32f446xx.o(.text)
    TIM2_IRQHandler                          0x080001f3   Thumb Code     0  startup_stm32f446xx.o(.text)
    TIM3_IRQHandler                          0x080001f3   Thumb Code     0  startup_stm32f446xx.o(.text)
    TIM4_IRQHandler                          0x080001f3   Thumb Code     0  startup_stm32f446xx.o(.text)
    TIM5_IRQHandler                          0x080001f3   Thumb Code     0  startup_stm32f446xx.o(.text)
    TIM6_DAC_IRQHandler                      0x080001f3   Thumb Code     0  startup_stm32f446xx.o(.text)
    TIM7_IRQHandler                          0x080001f3   Thumb Code     0  startup_stm32f446xx.o(.text)
    TIM8_BRK_TIM12_IRQHandler                0x080001f3   Thumb Code     0  startup_stm32f446xx.o(.text)
    TIM8_CC_IRQHandler                       0x080001f3   Thumb Code     0  startup_stm32f446xx.o(.text)
    TIM8_TRG_COM_TIM14_IRQHandler            0x080001f3   Thumb Code     0  startup_stm32f446xx.o(.text)
    TIM8_UP_TIM13_IRQHandler                 0x080001f3   Thumb Code     0  startup_stm32f446xx.o(.text)
    UART4_IRQHandler                         0x080001f3   Thumb Code     0  startup_stm32f446xx.o(.text)
    UART5_IRQHandler                         0x080001f3   Thumb Code     0  startup_stm32f446xx.o(.text)
    USART1_IRQHandler                        0x080001f3   Thumb Code     0  startup_stm32f446xx.o(.text)
    USART2_IRQHandler                        0x080001f3   Thumb Code     0  startup_stm32f446xx.o(.text)
    USART3_IRQHandler                        0x080001f3   Thumb Code     0  startup_stm32f446xx.o(.text)
    USART6_IRQHandler                        0x080001f3   Thumb Code     0  startup_stm32f446xx.o(.text)
    WWDG_IRQHandler                          0x080001f3   Thumb Code     0  startup_stm32f446xx.o(.text)
    __aeabi_uldivmod                         0x080001fd   Thumb Code    98  uldiv.o(.text)
    __aeabi_dadd                             0x0800025f   Thumb Code   322  dadd.o(.text)
    __aeabi_dsub                             0x080003a1   Thumb Code     6  dadd.o(.text)
    __aeabi_drsub                            0x080003a7   Thumb Code     6  dadd.o(.text)
    __aeabi_dmul                             0x080003ad   Thumb Code   228  dmul.o(.text)
    __aeabi_f2d                              0x08000491   Thumb Code    38  f2d.o(.text)
    __aeabi_d2f                              0x080004b7   Thumb Code    56  d2f.o(.text)
    __aeabi_llsl                             0x080004ef   Thumb Code    30  llshl.o(.text)
    _ll_shift_l                              0x080004ef   Thumb Code     0  llshl.o(.text)
    __aeabi_llsr                             0x0800050d   Thumb Code    32  llushr.o(.text)
    _ll_ushift_r                             0x0800050d   Thumb Code     0  llushr.o(.text)
    __aeabi_lasr                             0x0800052d   Thumb Code    36  llsshr.o(.text)
    _ll_sshift_r                             0x0800052d   Thumb Code     0  llsshr.o(.text)
    __I$use$fp                               0x08000551   Thumb Code     0  iusefp.o(.text)
    _float_round                             0x08000551   Thumb Code    18  fepilogue.o(.text)
    _float_epilogue                          0x08000563   Thumb Code    92  fepilogue.o(.text)
    _double_round                            0x080005bf   Thumb Code    30  depilogue.o(.text)
    _double_epilogue                         0x080005dd   Thumb Code   156  depilogue.o(.text)
    __aeabi_ddiv                             0x08000679   Thumb Code   222  ddiv.o(.text)
    __aeabi_i2d                              0x08000757   Thumb Code    34  dflti.o(.text)
    __aeabi_cdcmpeq                          0x08000779   Thumb Code     0  cdcmple.o(.text)
    __aeabi_cdcmple                          0x08000779   Thumb Code    48  cdcmple.o(.text)
    __scatterload                            0x080007a9   Thumb Code    28  init.o(.text)
    __scatterload_rt2                        0x080007a9   Thumb Code     0  init.o(.text)
    __decompress                             0x080007cd   Thumb Code     0  __dclz77c.o(.text)
    __decompress2                            0x080007cd   Thumb Code    94  __dclz77c.o(.text)
    arm_bitreversal_32                       0x0800082d   Thumb Code    64  arm_bitreversal2.o(.text.arm_bitreversal_32)
    arm_cfft_f32                             0x0800086d   Thumb Code   224  arm_cfft_f32.o(.text.arm_cfft_f32)
    arm_cfft_radix8by2_f32                   0x0800094d   Thumb Code   412  arm_cfft_f32.o(.text.arm_cfft_radix8by2_f32)
    arm_cfft_radix8by4_f32                   0x08000ae9   Thumb Code  1062  arm_cfft_f32.o(.text.arm_cfft_radix8by4_f32)
    arm_cmplx_mag_f32                        0x08000f11   Thumb Code   320  arm_cmplx_mag_f32.o(.text.arm_cmplx_mag_f32)
    arm_radix8_butterfly_f32                 0x08001051   Thumb Code  1448  arm_cfft_radix8_f32.o(.text.arm_radix8_butterfly_f32)
    arm_rfft_1024_fast_init_f32              0x080015f9   Thumb Code    60  arm_rfft_fast_init_f32.o(.text.arm_rfft_1024_fast_init_f32)
    arm_rfft_128_fast_init_f32               0x08001635   Thumb Code    54  arm_rfft_fast_init_f32.o(.text.arm_rfft_128_fast_init_f32)
    arm_rfft_2048_fast_init_f32              0x0800166b   Thumb Code    60  arm_rfft_fast_init_f32.o(.text.arm_rfft_2048_fast_init_f32)
    arm_rfft_256_fast_init_f32               0x080016a7   Thumb Code    56  arm_rfft_fast_init_f32.o(.text.arm_rfft_256_fast_init_f32)
    arm_rfft_32_fast_init_f32                0x080016df   Thumb Code    54  arm_rfft_fast_init_f32.o(.text.arm_rfft_32_fast_init_f32)
    arm_rfft_4096_fast_init_f32              0x08001715   Thumb Code    60  arm_rfft_fast_init_f32.o(.text.arm_rfft_4096_fast_init_f32)
    arm_rfft_512_fast_init_f32               0x08001751   Thumb Code    60  arm_rfft_fast_init_f32.o(.text.arm_rfft_512_fast_init_f32)
    arm_rfft_64_fast_init_f32                0x0800178d   Thumb Code    54  arm_rfft_fast_init_f32.o(.text.arm_rfft_64_fast_init_f32)
    arm_rfft_fast_f32                        0x080017c3   Thumb Code    80  arm_rfft_fast_f32.o(.text.arm_rfft_fast_f32)
    arm_rfft_fast_init_f32                   0x08001813   Thumb Code   144  arm_rfft_fast_init_f32.o(.text.arm_rfft_fast_init_f32)
    merge_rfft_f32                           0x080018a5   Thumb Code   178  arm_rfft_fast_f32.o(.text.merge_rfft_f32)
    stage_rfft_f32                           0x08001959   Thumb Code   184  arm_rfft_fast_f32.o(.text.stage_rfft_f32)
    BusFault_Handler                         0x08001bb9   Thumb Code     2  stm32f4xx_it.o(i.BusFault_Handler)
    DMA2_Stream0_IRQHandler                  0x08001bbd   Thumb Code     6  stm32f4xx_it.o(i.DMA2_Stream0_IRQHandler)
    DebugMon_Handler                         0x08001c6d   Thumb Code     2  stm32f4xx_it.o(i.DebugMon_Handler)
    HAL_ADC_ConfigChannel                    0x08001cf9   Thumb Code   318  stm32f4xx_hal_adc.o(i.HAL_ADC_ConfigChannel)
    HAL_ADC_ConvCpltCallback                 0x08001e4d   Thumb Code    30  main.o(i.HAL_ADC_ConvCpltCallback)
    HAL_ADC_ConvHalfCpltCallback             0x08001e79   Thumb Code     2  stm32f4xx_hal_adc.o(i.HAL_ADC_ConvHalfCpltCallback)
    HAL_ADC_ErrorCallback                    0x08001e7b   Thumb Code     2  stm32f4xx_hal_adc.o(i.HAL_ADC_ErrorCallback)
    HAL_ADC_Init                             0x08001e7d   Thumb Code    84  stm32f4xx_hal_adc.o(i.HAL_ADC_Init)
    HAL_ADC_MspInit                          0x08001ed1   Thumb Code   110  adc.o(i.HAL_ADC_MspInit)
    HAL_ADC_Start_DMA                        0x08001f65   Thumb Code   228  stm32f4xx_hal_adc.o(i.HAL_ADC_Start_DMA)
    HAL_DMA_IRQHandler                       0x08002065   Thumb Code   412  stm32f4xx_hal_dma.o(i.HAL_DMA_IRQHandler)
    HAL_DMA_Init                             0x08002205   Thumb Code   206  stm32f4xx_hal_dma.o(i.HAL_DMA_Init)
    HAL_DMA_Start_IT                         0x080022d9   Thumb Code   120  stm32f4xx_hal_dma.o(i.HAL_DMA_Start_IT)
    HAL_Delay                                0x08002351   Thumb Code    32  stm32f4xx_hal.o(i.HAL_Delay)
    HAL_GPIO_Init                            0x08002375   Thumb Code   378  stm32f4xx_hal_gpio.o(i.HAL_GPIO_Init)
    HAL_GPIO_WritePin                        0x08002519   Thumb Code    10  stm32f4xx_hal_gpio.o(i.HAL_GPIO_WritePin)
    HAL_GetTick                              0x08002525   Thumb Code     6  stm32f4xx_hal.o(i.HAL_GetTick)
    HAL_IncTick                              0x08002531   Thumb Code    12  stm32f4xx_hal.o(i.HAL_IncTick)
    HAL_Init                                 0x08002541   Thumb Code    48  stm32f4xx_hal.o(i.HAL_Init)
    HAL_InitTick                             0x08002575   Thumb Code    54  stm32f4xx_hal.o(i.HAL_InitTick)
    HAL_MspInit                              0x080025b5   Thumb Code   126  stm32f4xx_hal_msp.o(i.HAL_MspInit)
    HAL_NVIC_EnableIRQ                       0x08002639   Thumb Code    22  stm32f4xx_hal_cortex.o(i.HAL_NVIC_EnableIRQ)
    HAL_NVIC_SetPriority                     0x08002651   Thumb Code    60  stm32f4xx_hal_cortex.o(i.HAL_NVIC_SetPriority)
    HAL_NVIC_SetPriorityGrouping             0x08002691   Thumb Code    26  stm32f4xx_hal_cortex.o(i.HAL_NVIC_SetPriorityGrouping)
    HAL_RCC_ClockConfig                      0x080026b5   Thumb Code   286  stm32f4xx_hal_rcc.o(i.HAL_RCC_ClockConfig)
    HAL_RCC_GetHCLKFreq                      0x080027e5   Thumb Code     6  stm32f4xx_hal_rcc.o(i.HAL_RCC_GetHCLKFreq)
    HAL_RCC_GetPCLK1Freq                     0x080027f1   Thumb Code    20  stm32f4xx_hal_rcc.o(i.HAL_RCC_GetPCLK1Freq)
    HAL_RCC_GetPCLK2Freq                     0x08002811   Thumb Code    20  stm32f4xx_hal_rcc.o(i.HAL_RCC_GetPCLK2Freq)
    HAL_RCC_GetSysClockFreq                  0x08002831   Thumb Code   140  stm32f4xx_hal_rcc_ex.o(i.HAL_RCC_GetSysClockFreq)
    HAL_RCC_OscConfig                        0x080028c5   Thumb Code   814  stm32f4xx_hal_rcc_ex.o(i.HAL_RCC_OscConfig)
    HAL_SYSTICK_CLKSourceConfig              0x08002c09   Thumb Code    24  stm32f4xx_hal_cortex.o(i.HAL_SYSTICK_CLKSourceConfig)
    HAL_SYSTICK_Callback                     0x08002c21   Thumb Code     2  stm32f4xx_hal_cortex.o(i.HAL_SYSTICK_Callback)
    HAL_SYSTICK_Config                       0x08002c23   Thumb Code    40  stm32f4xx_hal_cortex.o(i.HAL_SYSTICK_Config)
    HAL_SYSTICK_IRQHandler                   0x08002c4b   Thumb Code     8  stm32f4xx_hal_cortex.o(i.HAL_SYSTICK_IRQHandler)
    HAL_TIMEx_MasterConfigSynchronization    0x08002c53   Thumb Code    80  stm32f4xx_hal_tim_ex.o(i.HAL_TIMEx_MasterConfigSynchronization)
    HAL_TIM_Base_Init                        0x08002ca3   Thumb Code    54  stm32f4xx_hal_tim.o(i.HAL_TIM_Base_Init)
    HAL_TIM_Base_MspInit                     0x08002cd9   Thumb Code    30  tim.o(i.HAL_TIM_Base_MspInit)
    HAL_TIM_Base_Start                       0x08002cfd   Thumb Code    26  stm32f4xx_hal_tim.o(i.HAL_TIM_Base_Start)
    HAL_TIM_ConfigClockSource                0x08002d17   Thumb Code   242  stm32f4xx_hal_tim.o(i.HAL_TIM_ConfigClockSource)
    HAL_UART_Init                            0x08002e09   Thumb Code    98  stm32f4xx_hal_uart.o(i.HAL_UART_Init)
    HAL_UART_MspInit                         0x08002e6d   Thumb Code    62  usart.o(i.HAL_UART_MspInit)
    HardFault_Handler                        0x08002eb9   Thumb Code     2  stm32f4xx_it.o(i.HardFault_Handler)
    LCD_Begin                                0x08002ebd   Thumb Code   118  lcd_v2.o(i.LCD_Begin)
    LCD_DrawPixel                            0x08002f41   Thumb Code   136  lcd_v2.o(i.LCD_DrawPixel)
    LCD_FillScreen                           0x08002fd1   Thumb Code    78  lcd_v2.o(i.LCD_FillScreen)
    LCD_Flood                                0x08003029   Thumb Code   544  lcd_v2.o(i.LCD_Flood)
    LCD_Reset                                0x08003251   Thumb Code   146  lcd_v2.o(i.LCD_Reset)
    LCD_SetAddrWindow                        0x080032f1   Thumb Code   182  lcd_v2.o(i.LCD_SetAddrWindow)
    LCD_SetRotation                          0x080033b1   Thumb Code    42  lcd_v2.o(i.LCD_SetRotation)
    LCD_Write8                               0x080033e1   Thumb Code   136  lcd_v2.o(i.LCD_Write8)
    LCD_WriteRegister16                      0x08003475   Thumb Code    64  lcd_v2.o(i.LCD_WriteRegister16)
    MX_ADC1_Init                             0x080034b9   Thumb Code    88  adc.o(i.MX_ADC1_Init)
    MX_DMA_Init                              0x08003529   Thumb Code    40  dma.o(i.MX_DMA_Init)
    MX_GPIO_Init                             0x08003555   Thumb Code   128  gpio.o(i.MX_GPIO_Init)
    MX_TIM2_Init                             0x080035e5   Thumb Code    94  tim.o(i.MX_TIM2_Init)
    MX_USART2_UART_Init                      0x08003659   Thumb Code    52  usart.o(i.MX_USART2_UART_Init)
    MemManage_Handler                        0x080036a5   Thumb Code     2  stm32f4xx_it.o(i.MemManage_Handler)
    NMI_Handler                              0x080036a7   Thumb Code     2  stm32f4xx_it.o(i.NMI_Handler)
    PendSV_Handler                           0x080036c9   Thumb Code     2  stm32f4xx_it.o(i.PendSV_Handler)
    SVC_Handler                              0x080036cb   Thumb Code     2  stm32f4xx_it.o(i.SVC_Handler)
    SysTick_Handler                          0x080036cd   Thumb Code    14  stm32f4xx_it.o(i.SysTick_Handler)
    SystemClock_Config                       0x080036dd   Thumb Code   152  main.o(i.SystemClock_Config)
    SystemInit                               0x0800377d   Thumb Code    66  system_stm32f4xx.o(i.SystemInit)
    TC_ResNet                                0x080037d1   Thumb Code   596  main.o(i.TC_ResNet)
    TIM_Base_SetConfig                       0x08003a59   Thumb Code   148  stm32f4xx_hal_tim.o(i.TIM_Base_SetConfig)
    UsageFault_Handler                       0x08003e31   Thumb Code     2  stm32f4xx_it.o(i.UsageFault_Handler)
    _Error_Handler                           0x08003e33   Thumb Code     2  main.o(i._Error_Handler)
    __hardfp_log                             0x08003e39   Thumb Code   872  log.o(i.__hardfp_log)
    __hardfp_sqrtf                           0x080041fd   Thumb Code    58  sqrtf.o(i.__hardfp_sqrtf)
    __kernel_poly                            0x08004237   Thumb Code   248  poly.o(i.__kernel_poly)
    __mathlib_dbl_divzero                    0x08004331   Thumb Code    28  dunder.o(i.__mathlib_dbl_divzero)
    __mathlib_dbl_infnan                     0x08004361   Thumb Code    20  dunder.o(i.__mathlib_dbl_infnan)
    __mathlib_dbl_invalid                    0x08004379   Thumb Code    24  dunder.o(i.__mathlib_dbl_invalid)
    __scatterload_copy                       0x08004399   Thumb Code    14  handlers.o(i.__scatterload_copy)
    __scatterload_null                       0x080043a7   Thumb Code     2  handlers.o(i.__scatterload_null)
    __scatterload_zeroinit                   0x080043a9   Thumb Code    14  handlers.o(i.__scatterload_zeroinit)
    __set_errno                              0x080043b9   Thumb Code     6  errno.o(i.__set_errno)
    arm_convolve_HWC_q7_basic_nonsquare      0x080043c5   Thumb Code   258  arm_convolve_hwc_q7_basic_nonsquare.o(i.arm_convolve_HWC_q7_basic_nonsquare)
    arm_fully_connected_q7                   0x080044c9   Thumb Code    92  arm_fully_connected_q7.o(i.arm_fully_connected_q7)
    arm_relu_q7                              0x08004525   Thumb Code    26  arm_relu_q7.o(i.arm_relu_q7)
    arm_softmax_q7                           0x0800453f   Thumb Code   116  arm_softmax_q7.o(i.arm_softmax_q7)
    compute_logMelCoefficients               0x080045b5   Thumb Code   420  main.o(i.compute_logMelCoefficients)
    delay                                    0x08004789   Thumb Code    12  lcd_v2.o(i.delay)
    draw_square                              0x08004795   Thumb Code    56  main.o(i.draw_square)
    main                                     0x080047cd   Thumb Code   110  main.o(i.main)
    pixel_color                              0x08004849   Thumb Code    54  main.o(i.pixel_color)
    AHBPrescTable                            0x08004bce   Data          16  system_stm32f4xx.o(.constdata)
    APBPrescTable                            0x08004bde   Data           8  system_stm32f4xx.o(.constdata)
    __mathlib_zero                           0x08004c20   Data           8  qnan.o(.constdata)
    armBitRevIndexTable1024                  0x08004c28   Data        3600  arm_common_tables.o(.rodata.armBitRevIndexTable1024)
    armBitRevIndexTable128                   0x08005a38   Data         416  arm_common_tables.o(.rodata.armBitRevIndexTable128)
    armBitRevIndexTable16                    0x08005bd8   Data          40  arm_common_tables.o(.rodata.armBitRevIndexTable16)
    armBitRevIndexTable2048                  0x08005c00   Data        7616  arm_common_tables.o(.rodata.armBitRevIndexTable2048)
    armBitRevIndexTable256                   0x080079c0   Data         880  arm_common_tables.o(.rodata.armBitRevIndexTable256)
    armBitRevIndexTable32                    0x08007d30   Data          96  arm_common_tables.o(.rodata.armBitRevIndexTable32)
    armBitRevIndexTable512                   0x08007d90   Data         896  arm_common_tables.o(.rodata.armBitRevIndexTable512)
    armBitRevIndexTable64                    0x08008110   Data         112  arm_common_tables.o(.rodata.armBitRevIndexTable64)
    twiddleCoef_1024                         0x08008180   Data        8192  arm_common_tables.o(.rodata.twiddleCoef_1024)
    twiddleCoef_128                          0x0800a180   Data        1024  arm_common_tables.o(.rodata.twiddleCoef_128)
    twiddleCoef_16                           0x0800a580   Data         128  arm_common_tables.o(.rodata.twiddleCoef_16)
    twiddleCoef_2048                         0x0800a600   Data       16384  arm_common_tables.o(.rodata.twiddleCoef_2048)
    twiddleCoef_256                          0x0800e600   Data        2048  arm_common_tables.o(.rodata.twiddleCoef_256)
    twiddleCoef_32                           0x0800ee00   Data         256  arm_common_tables.o(.rodata.twiddleCoef_32)
    twiddleCoef_512                          0x0800ef00   Data        4096  arm_common_tables.o(.rodata.twiddleCoef_512)
    twiddleCoef_64                           0x0800ff00   Data         512  arm_common_tables.o(.rodata.twiddleCoef_64)
    twiddleCoef_rfft_1024                    0x08010100   Data        4096  arm_common_tables.o(.rodata.twiddleCoef_rfft_1024)
    twiddleCoef_rfft_128                     0x08011100   Data         512  arm_common_tables.o(.rodata.twiddleCoef_rfft_128)
    twiddleCoef_rfft_2048                    0x08011300   Data        8192  arm_common_tables.o(.rodata.twiddleCoef_rfft_2048)
    twiddleCoef_rfft_256                     0x08013300   Data        1024  arm_common_tables.o(.rodata.twiddleCoef_rfft_256)
    twiddleCoef_rfft_32                      0x08013700   Data         128  arm_common_tables.o(.rodata.twiddleCoef_rfft_32)
    twiddleCoef_rfft_4096                    0x08013780   Data       16384  arm_common_tables.o(.rodata.twiddleCoef_rfft_4096)
    twiddleCoef_rfft_512                     0x08017780   Data        2048  arm_common_tables.o(.rodata.twiddleCoef_rfft_512)
    twiddleCoef_rfft_64                      0x08017f80   Data         256  arm_common_tables.o(.rodata.twiddleCoef_rfft_64)
    Region$$Table$$Base                      0x08018080   Number         0  anon$$obj.o(Region$$Table)
    Region$$Table$$Limit                     0x080180a0   Number         0  anon$$obj.o(Region$$Table)
    current_audio_input                      0x20000010   Data           4  main.o(.data)
    adc_done                                 0x20000014   Data           4  main.o(.data)
    i                                        0x20000018   Data           4  main.o(.data)
    j                                        0x2000001c   Data           4  main.o(.data)
    k                                        0x20000020   Data           4  main.o(.data)
    frame_pos                                0x20000024   Data           4  main.o(.data)
    FILTER_INDICES                           0x20000028   Data         160  main.o(.data)
    FILTERBANK                               0x200000c8   Data        5120  main.o(.data)
    HAMMING_WINDOW                           0x200014c8   Data        1920  main.o(.data)
    q7_spectrogram                           0x20001c48   Data        4000  main.o(.data)
    uwTickFreq                               0x20011d84   Data           1  stm32f4xx_hal.o(.data)
    uwTickPrio                               0x20011d88   Data           4  stm32f4xx_hal.o(.data)
    uwTick                                   0x20011d8c   Data           4  stm32f4xx_hal.o(.data)
    SystemCoreClock                          0x20011d90   Data           4  system_stm32f4xx.o(.data)
    audio_input_A                            0x20011e68   Data         640  main.o(.bss)
    audio_input_B                            0x200120e8   Data         640  main.o(.bss)
    spectrogram                              0x20012368   Data       16000  main.o(.bss)
    current_frame                            0x200161e8   Data        2048  main.o(.bss)
    FFT_in                                   0x200169e8   Data        2048  main.o(.bss)
    FFT_out                                  0x200171e8   Data        2048  main.o(.bss)
    MAG_out                                  0x200179e8   Data        1024  main.o(.bss)
    img_buffer1                              0x20017de8   Data        1600  main.o(.bss)
    img_buffer2                              0x20018428   Data        1600  main.o(.bss)
    bufferA                                  0x20018a68   Data        1728  main.o(.bss)
    hadc1                                    0x20019128   Data          72  adc.o(.bss)
    hdma_adc1                                0x20019170   Data          96  adc.o(.bss)
    htim2                                    0x200191d0   Data          60  tim.o(.bss)
    huart2                                   0x2001920c   Data          64  usart.o(.bss)
    __initial_sp                             0x20019650   Data           0  startup_stm32f446xx.o(STACK)



==============================================================================

Memory Map of the image

  Image Entry point : 0x080001c5

  Load Region LR_IROM1 (Base: 0x08000000, Size: 0x00029e38, Max: 0x00080000, ABSOLUTE, COMPRESSED[0x00026360])

    Execution Region ER_IROM1 (Exec base: 0x08000000, Load base: 0x08000000, Size: 0x000180a0, Max: 0x00080000, ABSOLUTE)

    Exec Addr    Load Addr    Size         Type   Attr      Idx    E Section Name        Object

    0x08000000   0x08000000   0x000001c4   Data   RO            3    RESET               startup_stm32f446xx.o
    0x080001c4   0x080001c4   0x00000000   Code   RO         4302  * .ARM.Collect$$$$00000000  mc_w.l(entry.o)
    0x080001c4   0x080001c4   0x00000004   Code   RO         4362    .ARM.Collect$$$$00000001  mc_w.l(entry2.o)
    0x080001c8   0x080001c8   0x00000004   Code   RO         4365    .ARM.Collect$$$$00000004  mc_w.l(entry5.o)
    0x080001cc   0x080001cc   0x00000000   Code   RO         4367    .ARM.Collect$$$$00000008  mc_w.l(entry7b.o)
    0x080001cc   0x080001cc   0x00000000   Code   RO         4369    .ARM.Collect$$$$0000000A  mc_w.l(entry8b.o)
    0x080001cc   0x080001cc   0x00000008   Code   RO         4370    .ARM.Collect$$$$0000000B  mc_w.l(entry9a.o)
    0x080001d4   0x080001d4   0x00000000   Code   RO         4372    .ARM.Collect$$$$0000000D  mc_w.l(entry10a.o)
    0x080001d4   0x080001d4   0x00000000   Code   RO         4374    .ARM.Collect$$$$0000000F  mc_w.l(entry11a.o)
    0x080001d4   0x080001d4   0x00000004   Code   RO         4363    .ARM.Collect$$$$00002712  mc_w.l(entry2.o)
    0x080001d8   0x080001d8   0x00000024   Code   RO            4    .text               startup_stm32f446xx.o
    0x080001fc   0x080001fc   0x00000062   Code   RO         4305    .text               mc_w.l(uldiv.o)
    0x0800025e   0x0800025e   0x0000014e   Code   RO         4337    .text               mf_w.l(dadd.o)
    0x080003ac   0x080003ac   0x000000e4   Code   RO         4339    .text               mf_w.l(dmul.o)
    0x08000490   0x08000490   0x00000026   Code   RO         4341    .text               mf_w.l(f2d.o)
    0x080004b6   0x080004b6   0x00000038   Code   RO         4343    .text               mf_w.l(d2f.o)
    0x080004ee   0x080004ee   0x0000001e   Code   RO         4381    .text               mc_w.l(llshl.o)
    0x0800050c   0x0800050c   0x00000020   Code   RO         4383    .text               mc_w.l(llushr.o)
    0x0800052c   0x0800052c   0x00000024   Code   RO         4385    .text               mc_w.l(llsshr.o)
    0x08000550   0x08000550   0x00000000   Code   RO         4394    .text               mc_w.l(iusefp.o)
    0x08000550   0x08000550   0x0000006e   Code   RO         4395    .text               mf_w.l(fepilogue.o)
    0x080005be   0x080005be   0x000000ba   Code   RO         4397    .text               mf_w.l(depilogue.o)
    0x08000678   0x08000678   0x000000de   Code   RO         4399    .text               mf_w.l(ddiv.o)
    0x08000756   0x08000756   0x00000022   Code   RO         4403    .text               mf_w.l(dflti.o)
    0x08000778   0x08000778   0x00000030   Code   RO         4407    .text               mf_w.l(cdcmple.o)
    0x080007a8   0x080007a8   0x00000024   Code   RO         4411    .text               mc_w.l(init.o)
    0x080007cc   0x080007cc   0x0000005e   Code   RO         4423    .text               mc_w.l(__dclz77c.o)
    0x0800082a   0x0800082a   0x00000002   PAD
    0x0800082c   0x0800082c   0x00000040   Code   RO         4254    .text.arm_bitreversal_32  arm_cortexM4lf_math.lib(arm_bitreversal2.o)
    0x0800086c   0x0800086c   0x000000e0   Code   RO         4178    .text.arm_cfft_f32  arm_cortexM4lf_math.lib(arm_cfft_f32.o)
    0x0800094c   0x0800094c   0x0000019c   Code   RO         4174    .text.arm_cfft_radix8by2_f32  arm_cortexM4lf_math.lib(arm_cfft_f32.o)
    0x08000ae8   0x08000ae8   0x00000426   Code   RO         4176    .text.arm_cfft_radix8by4_f32  arm_cortexM4lf_math.lib(arm_cfft_f32.o)
    0x08000f0e   0x08000f0e   0x00000002   PAD
    0x08000f10   0x08000f10   0x00000140   Code   RO         4121    .text.arm_cmplx_mag_f32  arm_cortexM4lf_math.lib(arm_cmplx_mag_f32.o)
    0x08001050   0x08001050   0x000005a8   Code   RO         4267    .text.arm_radix8_butterfly_f32  arm_cortexM4lf_math.lib(arm_cfft_radix8_f32.o)
    0x080015f8   0x080015f8   0x0000003c   Code   RO         4157    .text.arm_rfft_1024_fast_init_f32  arm_cortexM4lf_math.lib(arm_rfft_fast_init_f32.o)
    0x08001634   0x08001634   0x00000036   Code   RO         4151    .text.arm_rfft_128_fast_init_f32  arm_cortexM4lf_math.lib(arm_rfft_fast_init_f32.o)
    0x0800166a   0x0800166a   0x0000003c   Code   RO         4159    .text.arm_rfft_2048_fast_init_f32  arm_cortexM4lf_math.lib(arm_rfft_fast_init_f32.o)
    0x080016a6   0x080016a6   0x00000038   Code   RO         4153    .text.arm_rfft_256_fast_init_f32  arm_cortexM4lf_math.lib(arm_rfft_fast_init_f32.o)
    0x080016de   0x080016de   0x00000036   Code   RO         4147    .text.arm_rfft_32_fast_init_f32  arm_cortexM4lf_math.lib(arm_rfft_fast_init_f32.o)
    0x08001714   0x08001714   0x0000003c   Code   RO         4161    .text.arm_rfft_4096_fast_init_f32  arm_cortexM4lf_math.lib(arm_rfft_fast_init_f32.o)
    0x08001750   0x08001750   0x0000003c   Code   RO         4155    .text.arm_rfft_512_fast_init_f32  arm_cortexM4lf_math.lib(arm_rfft_fast_init_f32.o)
    0x0800178c   0x0800178c   0x00000036   Code   RO         4149    .text.arm_rfft_64_fast_init_f32  arm_cortexM4lf_math.lib(arm_rfft_fast_init_f32.o)
    0x080017c2   0x080017c2   0x00000050   Code   RO         4136    .text.arm_rfft_fast_f32  arm_cortexM4lf_math.lib(arm_rfft_fast_f32.o)
    0x08001812   0x08001812   0x00000090   Code   RO         4163    .text.arm_rfft_fast_init_f32  arm_cortexM4lf_math.lib(arm_rfft_fast_init_f32.o)
    0x080018a2   0x080018a2   0x00000002   PAD
    0x080018a4   0x080018a4   0x000000b2   Code   RO         4134    .text.merge_rfft_f32  arm_cortexM4lf_math.lib(arm_rfft_fast_f32.o)
    0x08001956   0x08001956   0x00000002   PAD
    0x08001958   0x08001958   0x000000b8   Code   RO         4132    .text.stage_rfft_f32  arm_cortexM4lf_math.lib(arm_rfft_fast_f32.o)
    0x08001a10   0x08001a10   0x00000062   Code   RO          731    i.ADC_DMAConvCplt   stm32f4xx_hal_adc.o
    0x08001a72   0x08001a72   0x00000016   Code   RO          732    i.ADC_DMAError      stm32f4xx_hal_adc.o
    0x08001a88   0x08001a88   0x0000000a   Code   RO          733    i.ADC_DMAHalfConvCplt  stm32f4xx_hal_adc.o
    0x08001a92   0x08001a92   0x00000002   PAD
    0x08001a94   0x08001a94   0x00000124   Code   RO          734    i.ADC_Init          stm32f4xx_hal_adc.o
    0x08001bb8   0x08001bb8   0x00000002   Code   RO          625    i.BusFault_Handler  stm32f4xx_it.o
    0x08001bba   0x08001bba   0x00000002   PAD
    0x08001bbc   0x08001bbc   0x0000000c   Code   RO          626    i.DMA2_Stream0_IRQHandler  stm32f4xx_it.o
    0x08001bc8   0x08001bc8   0x00000028   Code   RO         2745    i.DMA_CalcBaseAndBitshift  stm32f4xx_hal_dma.o
    0x08001bf0   0x08001bf0   0x00000054   Code   RO         2746    i.DMA_CheckFifoParam  stm32f4xx_hal_dma.o
    0x08001c44   0x08001c44   0x00000028   Code   RO         2747    i.DMA_SetConfig     stm32f4xx_hal_dma.o
    0x08001c6c   0x08001c6c   0x00000002   Code   RO          627    i.DebugMon_Handler  stm32f4xx_it.o
    0x08001c6e   0x08001c6e   0x00000002   PAD
    0x08001c70   0x08001c70   0x00000088   Code   RO           13    i.GPIO_Init         lcd_v2.o
    0x08001cf8   0x08001cf8   0x00000154   Code   RO          736    i.HAL_ADC_ConfigChannel  stm32f4xx_hal_adc.o
    0x08001e4c   0x08001e4c   0x0000002c   Code   RO          325    i.HAL_ADC_ConvCpltCallback  main.o
    0x08001e78   0x08001e78   0x00000002   Code   RO          738    i.HAL_ADC_ConvHalfCpltCallback  stm32f4xx_hal_adc.o
    0x08001e7a   0x08001e7a   0x00000002   Code   RO          740    i.HAL_ADC_ErrorCallback  stm32f4xx_hal_adc.o
    0x08001e7c   0x08001e7c   0x00000054   Code   RO          745    i.HAL_ADC_Init      stm32f4xx_hal_adc.o
    0x08001ed0   0x08001ed0   0x00000094   Code   RO          476    i.HAL_ADC_MspInit   adc.o
    0x08001f64   0x08001f64   0x00000100   Code   RO          752    i.HAL_ADC_Start_DMA  stm32f4xx_hal_adc.o
    0x08002064   0x08002064   0x000001a0   Code   RO         2753    i.HAL_DMA_IRQHandler  stm32f4xx_hal_dma.o
    0x08002204   0x08002204   0x000000d4   Code   RO         2754    i.HAL_DMA_Init      stm32f4xx_hal_dma.o
    0x080022d8   0x080022d8   0x00000078   Code   RO         2758    i.HAL_DMA_Start_IT  stm32f4xx_hal_dma.o
    0x08002350   0x08002350   0x00000024   Code   RO         3185    i.HAL_Delay         stm32f4xx_hal.o
    0x08002374   0x08002374   0x000001a4   Code   RO         2641    i.HAL_GPIO_Init     stm32f4xx_hal_gpio.o
    0x08002518   0x08002518   0x0000000a   Code   RO         2645    i.HAL_GPIO_WritePin  stm32f4xx_hal_gpio.o
    0x08002522   0x08002522   0x00000002   PAD
    0x08002524   0x08002524   0x0000000c   Code   RO         3191    i.HAL_GetTick       stm32f4xx_hal.o
    0x08002530   0x08002530   0x00000010   Code   RO         3195    i.HAL_IncTick       stm32f4xx_hal.o
    0x08002540   0x08002540   0x00000034   Code   RO         3196    i.HAL_Init          stm32f4xx_hal.o
    0x08002574   0x08002574   0x00000040   Code   RO         3197    i.HAL_InitTick      stm32f4xx_hal.o
    0x080025b4   0x080025b4   0x00000084   Code   RO          707    i.HAL_MspInit       stm32f4xx_hal_msp.o
    0x08002638   0x08002638   0x00000016   Code   RO         3048    i.HAL_NVIC_EnableIRQ  stm32f4xx_hal_cortex.o
    0x0800264e   0x0800264e   0x00000002   PAD
    0x08002650   0x08002650   0x00000040   Code   RO         3054    i.HAL_NVIC_SetPriority  stm32f4xx_hal_cortex.o
    0x08002690   0x08002690   0x00000024   Code   RO         3055    i.HAL_NVIC_SetPriorityGrouping  stm32f4xx_hal_cortex.o
    0x080026b4   0x080026b4   0x00000130   Code   RO         2203    i.HAL_RCC_ClockConfig  stm32f4xx_hal_rcc.o
    0x080027e4   0x080027e4   0x0000000c   Code   RO         2208    i.HAL_RCC_GetHCLKFreq  stm32f4xx_hal_rcc.o
    0x080027f0   0x080027f0   0x00000020   Code   RO         2210    i.HAL_RCC_GetPCLK1Freq  stm32f4xx_hal_rcc.o
    0x08002810   0x08002810   0x00000020   Code   RO         2211    i.HAL_RCC_GetPCLK2Freq  stm32f4xx_hal_rcc.o
    0x08002830   0x08002830   0x00000094   Code   RO         2314    i.HAL_RCC_GetSysClockFreq  stm32f4xx_hal_rcc_ex.o
    0x080028c4   0x080028c4   0x00000344   Code   RO         2315    i.HAL_RCC_OscConfig  stm32f4xx_hal_rcc_ex.o
    0x08002c08   0x08002c08   0x00000018   Code   RO         3057    i.HAL_SYSTICK_CLKSourceConfig  stm32f4xx_hal_cortex.o
    0x08002c20   0x08002c20   0x00000002   Code   RO         3058    i.HAL_SYSTICK_Callback  stm32f4xx_hal_cortex.o
    0x08002c22   0x08002c22   0x00000028   Code   RO         3059    i.HAL_SYSTICK_Config  stm32f4xx_hal_cortex.o
    0x08002c4a   0x08002c4a   0x00000008   Code   RO         3060    i.HAL_SYSTICK_IRQHandler  stm32f4xx_hal_cortex.o
    0x08002c52   0x08002c52   0x00000050   Code   RO         1654    i.HAL_TIMEx_MasterConfigSynchronization  stm32f4xx_hal_tim_ex.o
    0x08002ca2   0x08002ca2   0x00000036   Code   RO         1008    i.HAL_TIM_Base_Init  stm32f4xx_hal_tim.o
    0x08002cd8   0x08002cd8   0x00000024   Code   RO          542    i.HAL_TIM_Base_MspInit  tim.o
    0x08002cfc   0x08002cfc   0x0000001a   Code   RO         1011    i.HAL_TIM_Base_Start  stm32f4xx_hal_tim.o
    0x08002d16   0x08002d16   0x000000f2   Code   RO         1017    i.HAL_TIM_ConfigClockSource  stm32f4xx_hal_tim.o
    0x08002e08   0x08002e08   0x00000062   Code   RO         1901    i.HAL_UART_Init     stm32f4xx_hal_uart.o
    0x08002e6a   0x08002e6a   0x00000002   PAD
    0x08002e6c   0x08002e6c   0x0000004c   Code   RO          584    i.HAL_UART_MspInit  usart.o
    0x08002eb8   0x08002eb8   0x00000002   Code   RO          628    i.HardFault_Handler  stm32f4xx_it.o
    0x08002eba   0x08002eba   0x00000002   PAD
    0x08002ebc   0x08002ebc   0x00000084   Code   RO           14    i.LCD_Begin         lcd_v2.o
    0x08002f40   0x08002f40   0x00000090   Code   RO           22    i.LCD_DrawPixel     lcd_v2.o
    0x08002fd0   0x08002fd0   0x00000058   Code   RO           29    i.LCD_FillScreen    lcd_v2.o
    0x08003028   0x08003028   0x00000228   Code   RO           30    i.LCD_Flood         lcd_v2.o
    0x08003250   0x08003250   0x000000a0   Code   RO           32    i.LCD_Reset         lcd_v2.o
    0x080032f0   0x080032f0   0x000000c0   Code   RO           33    i.LCD_SetAddrWindow  lcd_v2.o
    0x080033b0   0x080033b0   0x00000030   Code   RO           35    i.LCD_SetRotation   lcd_v2.o
    0x080033e0   0x080033e0   0x00000094   Code   RO           39    i.LCD_Write8        lcd_v2.o
    0x08003474   0x08003474   0x00000044   Code   RO           40    i.LCD_WriteRegister16  lcd_v2.o
    0x080034b8   0x080034b8   0x00000070   Code   RO          477    i.MX_ADC1_Init      adc.o
    0x08003528   0x08003528   0x0000002c   Code   RO          517    i.MX_DMA_Init       dma.o
    0x08003554   0x08003554   0x00000090   Code   RO          451    i.MX_GPIO_Init      gpio.o
    0x080035e4   0x080035e4   0x00000074   Code   RO          543    i.MX_TIM2_Init      tim.o
    0x08003658   0x08003658   0x0000004c   Code   RO          585    i.MX_USART2_UART_Init  usart.o
    0x080036a4   0x080036a4   0x00000002   Code   RO          629    i.MemManage_Handler  stm32f4xx_it.o
    0x080036a6   0x080036a6   0x00000002   Code   RO          630    i.NMI_Handler       stm32f4xx_it.o
    0x080036a8   0x080036a8   0x00000020   Code   RO         3061    i.NVIC_SetPriority  stm32f4xx_hal_cortex.o
    0x080036c8   0x080036c8   0x00000002   Code   RO          631    i.PendSV_Handler    stm32f4xx_it.o
    0x080036ca   0x080036ca   0x00000002   Code   RO          632    i.SVC_Handler       stm32f4xx_it.o
    0x080036cc   0x080036cc   0x0000000e   Code   RO          633    i.SysTick_Handler   stm32f4xx_it.o
    0x080036da   0x080036da   0x00000002   PAD
    0x080036dc   0x080036dc   0x000000a0   Code   RO          326    i.SystemClock_Config  main.o
    0x0800377c   0x0800377c   0x00000054   Code   RO         3350    i.SystemInit        system_stm32f4xx.o
    0x080037d0   0x080037d0   0x00000288   Code   RO          327    i.TC_ResNet         main.o
    0x08003a58   0x08003a58   0x000000c0   Code   RO         1092    i.TIM_Base_SetConfig  stm32f4xx_hal_tim.o
    0x08003b18   0x08003b18   0x00000014   Code   RO         1099    i.TIM_ETR_SetConfig  stm32f4xx_hal_tim.o
    0x08003b2c   0x08003b2c   0x00000010   Code   RO         1100    i.TIM_ITRx_SetConfig  stm32f4xx_hal_tim.o
    0x08003b3c   0x08003b3c   0x00000022   Code   RO         1106    i.TIM_TI1_ConfigInputStage  stm32f4xx_hal_tim.o
    0x08003b5e   0x08003b5e   0x00000024   Code   RO         1108    i.TIM_TI2_ConfigInputStage  stm32f4xx_hal_tim.o
    0x08003b82   0x08003b82   0x00000002   PAD
    0x08003b84   0x08003b84   0x000002ac   Code   RO         1927    i.UART_SetConfig    stm32f4xx_hal_uart.o
    0x08003e30   0x08003e30   0x00000002   Code   RO          634    i.UsageFault_Handler  stm32f4xx_it.o
    0x08003e32   0x08003e32   0x00000002   Code   RO          328    i._Error_Handler    main.o
    0x08003e34   0x08003e34   0x00000004   PAD
    0x08003e38   0x08003e38   0x000003c4   Code   RO         4276    i.__hardfp_log      m_wm.l(log.o)
    0x080041fc   0x080041fc   0x0000003a   Code   RO         4290    i.__hardfp_sqrtf    m_wm.l(sqrtf.o)
    0x08004236   0x08004236   0x000000f8   Code   RO         4359    i.__kernel_poly     m_wm.l(poly.o)
    0x0800432e   0x0800432e   0x00000002   PAD
    0x08004330   0x08004330   0x00000030   Code   RO         4345    i.__mathlib_dbl_divzero  m_wm.l(dunder.o)
    0x08004360   0x08004360   0x00000014   Code   RO         4346    i.__mathlib_dbl_infnan  m_wm.l(dunder.o)
    0x08004374   0x08004374   0x00000004   PAD
    0x08004378   0x08004378   0x00000020   Code   RO         4348    i.__mathlib_dbl_invalid  m_wm.l(dunder.o)
    0x08004398   0x08004398   0x0000000e   Code   RO         4417    i.__scatterload_copy  mc_w.l(handlers.o)
    0x080043a6   0x080043a6   0x00000002   Code   RO         4418    i.__scatterload_null  mc_w.l(handlers.o)
    0x080043a8   0x080043a8   0x0000000e   Code   RO         4419    i.__scatterload_zeroinit  mc_w.l(handlers.o)
    0x080043b6   0x080043b6   0x00000002   PAD
    0x080043b8   0x080043b8   0x0000000c   Code   RO         4389    i.__set_errno       mc_w.l(errno.o)
    0x080043c4   0x080043c4   0x00000102   Code   RO         3609    i.arm_convolve_HWC_q7_basic_nonsquare  arm_convolve_hwc_q7_basic_nonsquare.o
    0x080044c6   0x080044c6   0x00000002   PAD
    0x080044c8   0x080044c8   0x0000005c   Code   RO         3873    i.arm_fully_connected_q7  arm_fully_connected_q7.o
    0x08004524   0x08004524   0x0000001a   Code   RO         3465    i.arm_relu_q7       arm_relu_q7.o
    0x0800453e   0x0800453e   0x00000074   Code   RO         4099    i.arm_softmax_q7    arm_softmax_q7.o
    0x080045b2   0x080045b2   0x00000002   PAD
    0x080045b4   0x080045b4   0x000001d4   Code   RO          329    i.compute_logMelCoefficients  main.o
    0x08004788   0x08004788   0x0000000c   Code   RO           42    i.delay             lcd_v2.o
    0x08004794   0x08004794   0x00000038   Code   RO          330    i.draw_square       main.o
    0x080047cc   0x080047cc   0x0000007c   Code   RO          331    i.main              main.o
    0x08004848   0x08004848   0x00000036   Code   RO          332    i.pixel_color       main.o
    0x0800487e   0x0800487e   0x00000348   Data   RO           44    .constdata          lcd_v2.o
    0x08004bc6   0x08004bc6   0x00000008   Data   RO         2760    .constdata          stm32f4xx_hal_dma.o
    0x08004bce   0x08004bce   0x00000010   Data   RO         3351    .constdata          system_stm32f4xx.o
    0x08004bde   0x08004bde   0x00000008   Data   RO         3352    .constdata          system_stm32f4xx.o
    0x08004be6   0x08004be6   0x00000002   PAD
    0x08004be8   0x08004be8   0x00000038   Data   RO         4279    .constdata          m_wm.l(log.o)
    0x08004c20   0x08004c20   0x00000008   Data   RO         4361    .constdata          m_wm.l(qnan.o)
    0x08004c28   0x08004c28   0x00000e10   Data   RO         4225    .rodata.armBitRevIndexTable1024  arm_cortexM4lf_math.lib(arm_common_tables.o)
    0x08005a38   0x08005a38   0x000001a0   Data   RO         4222    .rodata.armBitRevIndexTable128  arm_cortexM4lf_math.lib(arm_common_tables.o)
    0x08005bd8   0x08005bd8   0x00000028   Data   RO         4219    .rodata.armBitRevIndexTable16  arm_cortexM4lf_math.lib(arm_common_tables.o)
    0x08005c00   0x08005c00   0x00001dc0   Data   RO         4226    .rodata.armBitRevIndexTable2048  arm_cortexM4lf_math.lib(arm_common_tables.o)
    0x080079c0   0x080079c0   0x00000370   Data   RO         4223    .rodata.armBitRevIndexTable256  arm_cortexM4lf_math.lib(arm_common_tables.o)
    0x08007d30   0x08007d30   0x00000060   Data   RO         4220    .rodata.armBitRevIndexTable32  arm_cortexM4lf_math.lib(arm_common_tables.o)
    0x08007d90   0x08007d90   0x00000380   Data   RO         4224    .rodata.armBitRevIndexTable512  arm_cortexM4lf_math.lib(arm_common_tables.o)
    0x08008110   0x08008110   0x00000070   Data   RO         4221    .rodata.armBitRevIndexTable64  arm_cortexM4lf_math.lib(arm_common_tables.o)
    0x08008180   0x08008180   0x00002000   Data   RO         4196    .rodata.twiddleCoef_1024  arm_cortexM4lf_math.lib(arm_common_tables.o)
    0x0800a180   0x0800a180   0x00000400   Data   RO         4193    .rodata.twiddleCoef_128  arm_cortexM4lf_math.lib(arm_common_tables.o)
    0x0800a580   0x0800a580   0x00000080   Data   RO         4190    .rodata.twiddleCoef_16  arm_cortexM4lf_math.lib(arm_common_tables.o)
    0x0800a600   0x0800a600   0x00004000   Data   RO         4197    .rodata.twiddleCoef_2048  arm_cortexM4lf_math.lib(arm_common_tables.o)
    0x0800e600   0x0800e600   0x00000800   Data   RO         4194    .rodata.twiddleCoef_256  arm_cortexM4lf_math.lib(arm_common_tables.o)
    0x0800ee00   0x0800ee00   0x00000100   Data   RO         4191    .rodata.twiddleCoef_32  arm_cortexM4lf_math.lib(arm_common_tables.o)
    0x0800ef00   0x0800ef00   0x00001000   Data   RO         4195    .rodata.twiddleCoef_512  arm_cortexM4lf_math.lib(arm_common_tables.o)
    0x0800ff00   0x0800ff00   0x00000200   Data   RO         4192    .rodata.twiddleCoef_64  arm_cortexM4lf_math.lib(arm_common_tables.o)
    0x08010100   0x08010100   0x00001000   Data   RO         4242    .rodata.twiddleCoef_rfft_1024  arm_cortexM4lf_math.lib(arm_common_tables.o)
    0x08011100   0x08011100   0x00000200   Data   RO         4239    .rodata.twiddleCoef_rfft_128  arm_cortexM4lf_math.lib(arm_common_tables.o)
    0x08011300   0x08011300   0x00002000   Data   RO         4243    .rodata.twiddleCoef_rfft_2048  arm_cortexM4lf_math.lib(arm_common_tables.o)
    0x08013300   0x08013300   0x00000400   Data   RO         4240    .rodata.twiddleCoef_rfft_256  arm_cortexM4lf_math.lib(arm_common_tables.o)
    0x08013700   0x08013700   0x00000080   Data   RO         4237    .rodata.twiddleCoef_rfft_32  arm_cortexM4lf_math.lib(arm_common_tables.o)
    0x08013780   0x08013780   0x00004000   Data   RO         4244    .rodata.twiddleCoef_rfft_4096  arm_cortexM4lf_math.lib(arm_common_tables.o)
    0x08017780   0x08017780   0x00000800   Data   RO         4241    .rodata.twiddleCoef_rfft_512  arm_cortexM4lf_math.lib(arm_common_tables.o)
    0x08017f80   0x08017f80   0x00000100   Data   RO         4238    .rodata.twiddleCoef_rfft_64  arm_cortexM4lf_math.lib(arm_common_tables.o)
    0x08018080   0x08018080   0x00000020   Data   RO         4415    Region$$Table       anon$$obj.o


    Execution Region RW_IRAM1 (Exec base: 0x20000000, Load base: 0x080180a0, Size: 0x00019650, Max: 0x00020000, ABSOLUTE, COMPRESSED[0x0000e2c0])

    Exec Addr    Load Addr    Size         Type   Attr      Idx    E Section Name        Object

    0x20000000   COMPRESSED   0x00000010   Data   RW           45    .data               lcd_v2.o
    0x20000010   COMPRESSED   0x00011d74   Data   RW          334    .data               main.o
    0x20011d84   COMPRESSED   0x0000000c   Data   RW         3203    .data               stm32f4xx_hal.o
    0x20011d90   COMPRESSED   0x00000004   Data   RW         3353    .data               system_stm32f4xx.o
    0x20011d94   COMPRESSED   0x00000004   Data   RW         4390    .data               mc_w.l(errno.o)
    0x20011d98        -       0x00007390   Zero   RW          333    .bss                main.o
    0x20019128        -       0x000000a8   Zero   RW          478    .bss                adc.o
    0x200191d0        -       0x0000003c   Zero   RW          544    .bss                tim.o
    0x2001920c        -       0x00000040   Zero   RW          586    .bss                usart.o
    0x2001924c   COMPRESSED   0x00000004   PAD
    0x20019250        -       0x00000400   Zero   RW            1    STACK               startup_stm32f446xx.o


==============================================================================

Image component sizes


      Code (inc. data)   RO Data    RW Data    ZI Data      Debug   Object Name

       260         62          0          0        168       1683   adc.o
       258          0          0          0          0       3270   arm_convolve_hwc_q7_basic_nonsquare.o
        92          0          0          0          0       1625   arm_fully_connected_q7.o
        26          0          0          0          0        670   arm_relu_q7.o
       116          0          0          0          0       1345   arm_softmax_q7.o
        44          4          0          0          0        738   dma.o
       144         16          0          0          0        927   gpio.o
      1680        102        840         16          0     723644   lcd_v2.o
      1556        136          0      73076      29584      20951   main.o
        36          8        452          0       1024        828   startup_stm32f446xx.o
       180         28          0         12          0       4533   stm32f4xx_hal.o
      1106         62          0          0          0       6726   stm32f4xx_hal_adc.o
       228         14          0          0          0      32097   stm32f4xx_hal_cortex.o
       912         16          8          0          0       5771   stm32f4xx_hal_dma.o
       430         42          0          0          0       2392   stm32f4xx_hal_gpio.o
       132          6          0          0          0        894   stm32f4xx_hal_msp.o
       380         48          0          0          0       3334   stm32f4xx_hal_rcc.o
       984         30          0          0          0       2690   stm32f4xx_hal_rcc_ex.o
       620         44          0          0          0       6630   stm32f4xx_hal_tim.o
        80          0          0          0          0       1276   stm32f4xx_hal_tim_ex.o
       782          8          0          0          0       2032   stm32f4xx_hal_uart.o
        42          6          0          0          0       4524   stm32f4xx_it.o
        84         18         24          4          0       1135   system_stm32f4xx.o
       152         28          0          0         60       1578   tim.o
       152         38          0          0         64       1610   usart.o

    ----------------------------------------------------------------------
     10502        716       1358      73108      30904     832903   Object Totals
         0          0         32          0          0          0   (incl. Generated)
        26          0          2          0          4          0   (incl. Padding)

    ----------------------------------------------------------------------

      Code (inc. data)   RO Data    RW Data    ZI Data      Debug   Library Member Name

        64          0          0          0          0       1220   arm_bitreversal2.o
      1698          0          0          0          0       6291   arm_cfft_f32.o
      1448          8          0          0          0       5159   arm_cfft_radix8_f32.o
       320          0          0          0          0       2010   arm_cmplx_mag_f32.o
         0          0      78936          0          0       3698   arm_common_tables.o
       442          0          0          0          0       2996   arm_rfft_fast_f32.o
       602          0          0          0          0       3605   arm_rfft_fast_init_f32.o
       100         28          0          0          0        372   dunder.o
       964         92         56          0          0        316   log.o
       248          0          0          0          0        152   poly.o
         0          0          8          0          0          0   qnan.o
        58          0          0          0          0        136   sqrtf.o
        94          0          0          0          0          0   __dclz77c.o
         0          0          0          0          0          0   entry.o
         0          0          0          0          0          0   entry10a.o
         0          0          0          0          0          0   entry11a.o
         8          4          0          0          0          0   entry2.o
         4          0          0          0          0          0   entry5.o
         0          0          0          0          0          0   entry7b.o
         0          0          0          0          0          0   entry8b.o
         8          4          0          0          0          0   entry9a.o
        12          6          0          4          0         68   errno.o
        30          0          0          0          0          0   handlers.o
        36          8          0          0          0         68   init.o
         0          0          0          0          0          0   iusefp.o
        30          0          0          0          0         68   llshl.o
        36          0          0          0          0         68   llsshr.o
        32          0          0          0          0         68   llushr.o
        98          0          0          0          0         92   uldiv.o
        48          0          0          0          0         68   cdcmple.o
        56          0          0          0          0         88   d2f.o
       334          0          0          0          0        148   dadd.o
       222          0          0          0          0        100   ddiv.o
       186          0          0          0          0        176   depilogue.o
        34          0          0          0          0         76   dflti.o
       228          0          0          0          0         96   dmul.o
        38          0          0          0          0         68   f2d.o
       110          0          0          0          0        168   fepilogue.o

    ----------------------------------------------------------------------
      7604        150      79000          4          0      27375   Library Totals
        16          0          0          0          0          0   (incl. Padding)

    ----------------------------------------------------------------------

      Code (inc. data)   RO Data    RW Data    ZI Data      Debug   Library Name

      4574          8      78936          0          0      24979   arm_cortexM4lf_math.lib
      1370        120         64          0          0        976   m_wm.l
       388         22          0          4          0        432   mc_w.l
      1256          0          0          0          0        988   mf_w.l

    ----------------------------------------------------------------------
      7604        150      79000          4          0      27375   Library Totals

    ----------------------------------------------------------------------

==============================================================================


      Code (inc. data)   RO Data    RW Data    ZI Data      Debug   

     18106        866      80358      73112      30904     851158   Grand Totals
     18106        866      80358      58048      30904     851158   ELF Image Totals (compressed)
     18106        866      80358      58048          0          0   ROM Totals

==============================================================================

    Total RO  Size (Code + RO Data)                98464 (  96.16kB)
    Total RW  Size (RW Data + ZI Data)            104016 ( 101.58kB)
    Total ROM Size (Code + RO Data + RW Data)     156512 ( 152.84kB)

==============================================================================

